\BOOKMARK [1][-]{section*.1}{\376\377\0001\0009\0006\0001\261\104\000\040\310\034\0001\323\020\307\130\000\040\325\130\322\270\307\130\000\040\272\070\271\254\271\320\000\050\000P\000R\000E\000F\000A\000C\000E\000\051}{}% 1
\BOOKMARK [1][-]{section*.2}{\376\377\0001\0009\0009\0004\261\104\000\040\310\034\0002\323\020\307\130\000\040\000B\000u\000l\000l\000o\000c\000h\306\100\000\040\000R\000a\000z\307\130\000\040\323\270\311\321\307\220\000\040\310\374\000\050\000E\000d\000i\000t\000o\000r\000s\000'\000\040\000N\000o\000t\000e\000\051}{}% 2
\BOOKMARK [1][-]{section*.3}{\376\377\0002\0000\0001\0002\261\104\000\040\310\034\0003\323\020\307\130\000\040\000L\000e\000s\000l\000i\000e\000\040\000G\000r\000e\000e\000n\307\130\000\040\272\070\271\254\271\320\000\050\000P\000r\000e\000f\000a\000c\000e\000\040\000t\000o\000\040\000t\000h\000e\000\040\000T\000h\000i\000r\000d\000\040\000E\000d\000i\000t\000i\000o\000n\000\051}{}% 3
\BOOKMARK [1][-]{section*.4}{\376\377\0002\0000\0001\0002\261\104\000\040\310\034\0003\323\020\307\130\000\040\000L\000e\000s\000l\000i\000e\000\040\000G\000r\000e\000e\000n\307\130\000\040\301\034\270\140\000\050\000I\000N\000T\000R\000O\000D\000U\000C\000T\000I\000O\000N\000\051}{}% 4
\BOOKMARK [2][-]{subsection*.5}{\376\377\0001\000.\000\040\325\130\322\270\307\130\000\040\272\124\302\334\311\300\000\050\000H\000A\000R\000T\000'\000S\000\040\000M\000E\000S\000S\000A\000G\000E\000\051}{section*.4}% 5
\BOOKMARK [2][-]{subsection*.6}{\376\377\0002\000.\000\040\300\254\326\214\310\001\000\040\255\154\301\061\273\074\270\134\301\034\307\130\000\040\274\225\000\050\000L\000A\000W\000\040\000A\000S\000\040\000A\000\040\000S\000O\000C\000I\000A\000L\000\040\000C\000O\000N\000S\000T\000R\000U\000C\000T\000I\000O\000N\000\051}{section*.4}% 6
\BOOKMARK [2][-]{subsection*.9}{\376\377\0003\000.\000\040\274\225\254\374\000\040\255\214\325\134\000\040\000\050\000L\000A\000W\000\040\000A\000N\000D\000\040\000P\000O\000W\000E\000R\000\051}{section*.4}% 7
\BOOKMARK [2][-]{subsection*.12}{\376\377\0004\000.\000\040\274\225\254\374\000\040\263\304\263\125\000\040\000\050\000L\000A\000W\000\040\000A\000N\000D\000\040\000M\000O\000R\000A\000L\000I\000T\000Y\000\051}{section*.4}% 8
\BOOKMARK [2][-]{subsection*.16}{\376\377\0005\000.\000\040\300\254\302\344\000\050\000f\000a\000c\000t\000\051\000,\000\040\254\000\316\130\000\050\000v\000a\000l\000u\000e\000\051\000,\000\040\274\051\274\225\000\050\000m\000e\000t\000h\000o\000d\000\051}{section*.4}% 9
\BOOKMARK [2][-]{subsection*.19}{\376\377\0006\000.\000\040\306\224\310\020\000\050\000T\000H\000E\000\040\000P\000O\000I\000N\000T\000\051}{section*.4}% 10
\BOOKMARK [1][-]{section*.21}{\376\377\000I\000.\000\040\311\300\301\215\264\030\262\224\000\040\311\310\273\070\264\344}{}% 11
\BOOKMARK [2][-]{subsection*.22}{\376\377\0001\000.\000\040\274\225\307\164\270\140\307\130\000\040\260\234\310\034\264\344}{section*.21}% 12
\BOOKMARK [2][-]{subsection*.23}{\376\377\0002\000.\000\040\301\070\000\040\254\000\311\300\000\040\274\030\274\365\264\030\262\224\000\040\307\301\310\020\264\344}{section*.21}% 13
\BOOKMARK [2][-]{subsection*.24}{\376\377\0003\000.\000\040\310\025\307\130\000\050\000D\000e\000f\000i\000n\000i\000t\000i\000o\000n\000\051}{section*.21}% 14
\BOOKMARK [2][-]{subsection*.25}{\376\377\310\374\301\035\000\050\000N\000o\000t\000e\000s\000\051}{section*.21}% 15
\BOOKMARK [2][-]{subsection*.26}{\376\377\000C\000H\000A\000P\000T\000E\000R\000\040\000I\000\040\310\374\301\035}{section*.21}% 16
\BOOKMARK [2][-]{subsection*.27}{\376\377\000C\000H\000A\000P\000T\000E\000R\000\040\000I\000\040\310\034\0003\323\020\000\040\310\374\301\035}{section*.21}% 17
\BOOKMARK [1][-]{section*.28}{\376\377\000I\000I\000.\000\040\274\225\000\050\000L\000a\000w\000s\000\051\000,\000\040\300\254\270\071\000\050\000C\000o\000m\000m\000a\000n\000d\000s\000\051\000,\000\040\255\370\271\254\254\340\000\040\272\205\270\071\000\050\000O\000r\000d\000e\000r\000s\000\051}{}% 18
\BOOKMARK [2][-]{subsection*.29}{\376\377\0001\000.\000\040\272\205\274\225\307\130\000\040\262\344\305\221\301\061\000\050\000V\000a\000r\000i\000e\000t\000i\000e\000s\000\040\000o\000f\000\040\000I\000m\000p\000e\000r\000a\000t\000i\000v\000e\000s\000\051}{section*.28}% 19
\BOOKMARK [2][-]{subsection*.30}{\376\377\0002\000.\000\040\274\225\000\050\000l\000a\000w\000\051\254\374\000\040\254\025\305\125\310\001\000\040\272\205\270\071\000\050\000c\000o\000e\000r\000c\000i\000v\000e\000\040\000o\000r\000d\000e\000r\000s\000\051}{section*.28}% 20
\BOOKMARK [2][-]{subsection*.31}{\376\377\000C\000H\000A\000P\000T\000E\000R\000\040\000I\000I\000\040\310\374\301\035}{section*.28}% 21
\BOOKMARK [2][-]{subsection*.32}{\376\377\000C\000H\000A\000P\000T\000E\000R\000\040\000I\000I\000\040\310\034\0003\323\020\000\040\310\374\301\035}{section*.28}% 22
\BOOKMARK [1][-]{section*.33}{\376\377\000I\000I\000I\000.\000\040\274\225\307\130\000\040\262\344\305\221\301\061}{}% 23
\BOOKMARK [2][-]{subsection*.34}{\376\377\0001\000.\000\040\274\225\307\130\000\040\260\264\306\251}{section*.33}% 24
\BOOKMARK [2][-]{subsection*.38}{\376\377\0002\000.\000\040\310\001\306\251\000\040\274\224\307\004}{section*.33}% 25
\BOOKMARK [2][-]{subsection*.39}{\376\377\0003\000.\000\040\256\060\306\320\307\130\000\040\274\051\302\335}{section*.33}% 26
\BOOKMARK [2][-]{subsection*.40}{\376\377\000C\000H\000A\000P\000T\000E\000R\000\040\000I\000I\000I\000\040\310\374\301\035}{section*.33}% 27
\BOOKMARK [2][-]{subsection*.41}{\376\377\000C\000H\000A\000P\000T\000E\000R\000\040\000I\000I\000I\000\040\310\034\0003\323\020\000\040\310\374\301\035}{section*.33}% 28
\BOOKMARK [1][-]{section*.42}{\376\377\000I\000V\000.\000\040\310\374\255\214\307\220\306\100\000\040\302\030\274\224\307\220\000\050\000S\000O\000V\000E\000R\000E\000I\000G\000N\000\040\000A\000N\000D\000\040\000S\000U\000B\000J\000E\000C\000T\000\051}{}% 29
\BOOKMARK [2][-]{subsection*.43}{\376\377\0001\000.\000\040\274\365\310\205\307\130\000\040\302\265\255\000\254\374\000\040\274\225\307\130\000\040\305\360\301\215\301\061}{section*.42}% 30
\BOOKMARK [2][-]{subsection*.44}{\376\377\0002\000.\000\040\274\225\307\130\000\040\311\300\301\215\301\061}{section*.42}% 31
\BOOKMARK [2][-]{subsection*.45}{\376\377\0003\000.\000\040\307\205\274\225\255\214\305\320\000\040\263\000\325\134\000\040\274\225\310\001\000\040\325\134\254\304}{section*.42}% 32
\BOOKMARK [2][-]{subsection*.46}{\376\377\0004\000.\000\040\307\205\274\225\256\060\255\000\000\040\264\244\307\130\000\040\310\374\255\214\307\220}{section*.42}% 33
\BOOKMARK [2][-]{subsection*.47}{\376\377\000C\000H\000A\000P\000T\000E\000R\000\040\000I\000V\000\040\310\374\301\035}{section*.42}% 34
\BOOKMARK [2][-]{subsection*.48}{\376\377\000C\000H\000A\000P\000T\000E\000R\000\040\000I\000V\000\040\310\034\0003\323\020\000\040\310\374\301\035}{section*.42}% 35
\BOOKMARK [1][-]{section*.49}{\376\377\000V\000.\000\040\0001\314\050\000\040\255\334\316\131\254\374\000\040\0002\314\050\000\040\255\334\316\131\307\130\000\040\254\260\325\151\307\074\270\134\301\034\307\130\000\040\274\225}{}% 36
\BOOKMARK [2][-]{subsection*.50}{\376\377\0001\000.\000\040\300\310\270\134\306\264\000\040\315\234\274\034}{section*.49}% 37
\BOOKMARK [2][-]{subsection*.51}{\376\377\0002\000.\000\040\255\334\274\224\310\001\000\040\307\130\273\064\000\050\000o\000b\000l\000i\000g\000a\000t\000i\000o\000n\000\051\307\130\000\040\254\034\261\120}{section*.49}% 38
\BOOKMARK [2][-]{subsection*.52}{\376\377\0003\000.\000\040\274\225\307\130\000\040\255\154\301\061\306\224\301\214\000\040\000\050\000T\000h\000e\000\040\000E\000l\000e\000m\000e\000n\000t\000s\000\040\000o\000f\000\040\000L\000a\000w\000\051}{section*.49}% 39
\BOOKMARK [2][-]{subsection*.53}{\376\377\000C\000H\000A\000P\000T\000E\000R\000\040\000V\000\040\310\374\301\035}{section*.49}% 40
\BOOKMARK [2][-]{subsection*.54}{\376\377\000C\000H\000A\000P\000T\000E\000R\000\040\000V\000\040\310\034\0003\323\020\000\040\310\374\301\035\000\040\000\050\000C\000H\000A\000P\000T\000E\000R\000\040\000V\000\040\0003\000r\000d\000\040\000e\000d\000.\000\040\000N\000O\000T\000E\000S\000\051}{section*.49}% 41
\BOOKMARK [1][-]{section*.55}{\376\377\000V\000I\000.\000\040\274\225\314\264\254\304\307\130\000\040\256\060\315\010\000\050\000T\000H\000E\000\040\000F\000O\000U\000N\000D\000A\000T\000I\000O\000N\000S\000\040\000O\000F\000\040\000A\000\040\000L\000E\000G\000A\000L\000\040\000S\000Y\000S\000T\000E\000M\000\051}{}% 42
\BOOKMARK [2][-]{subsection*.56}{\376\377\0001\000.\000\040\302\271\307\170\000\040\255\334\316\131\254\374\000\040\274\225\310\001\000\040\307\040\326\250\301\061\000\050\000R\000U\000L\000E\000\040\000O\000F\000\040\000R\000E\000C\000O\000G\000N\000I\000T\000I\000O\000N\000\040\000A\000N\000D\000\040\000L\000E\000G\000A\000L\000\040\000V\000A\000L\000I\000D\000I\000T\000Y\000\051}{section*.55}% 43
\BOOKMARK [2][-]{subsection*.57}{\376\377\0002\000.\000\040\300\310\270\134\306\264\000\040\311\310\273\070\264\344\000\050\000N\000e\000w\000\040\000Q\000u\000e\000s\000t\000i\000o\000n\000s\000\051}{section*.55}% 44
\BOOKMARK [2][-]{subsection*.58}{\376\377\0003\000.\000\040\274\225\314\264\254\304\307\130\000\040\274\321\271\254\325\131}{section*.55}% 45
\BOOKMARK [2][-]{subsection*.59}{\376\377\000C\000H\000A\000P\000T\000E\000R\000\040\000V\000I\000\040\310\374\301\035}{section*.55}% 46
\BOOKMARK [2][-]{subsection*.60}{\376\377\000C\000H\000A\000P\000T\000E\000R\000\040\000V\000I\000\040\310\034\0003\323\020\000\040\310\374\301\035}{section*.55}% 47
\BOOKMARK [1][-]{section*.61}{\376\377\000V\000I\000I\000.\000\040\326\025\302\335\310\374\307\130\000\050\000F\000o\000r\000m\000a\000l\000i\000s\000m\000\051\306\100\000\040\255\334\316\131\000\040\326\214\307\130\310\374\307\130\000\050\000R\000u\000l\000e\000-\000S\000c\000e\000p\000t\000i\000c\000i\000s\000m\000\051}{}% 48
\BOOKMARK [2][-]{subsection*.62}{\376\377\0001\000.\000\040\274\225\307\130\000\040\254\034\274\051\310\001\000\040\311\301\310\160\000\050\000T\000h\000e\000\040\000O\000p\000e\000n\000\040\000T\000e\000x\000t\000u\000r\000e\000\040\000o\000f\000\040\000L\000a\000w\000\051}{section*.61}% 49
\BOOKMARK [2][-]{subsection*.63}{\376\377\0002\000.\000\040\255\334\316\131\000\040\326\214\307\130\310\374\307\130\000\050\000r\000u\000l\000e\000-\000s\000c\000e\000p\000t\000i\000c\000i\000s\000m\000\051\307\130\000\040\305\354\267\354\000\040\326\025\320\334}{section*.61}% 50
\BOOKMARK [2][-]{subsection*.64}{\376\377\0003\000.\000\040\300\254\274\225\310\001\000\040\254\260\310\025\305\320\301\034\307\130\000\040\315\134\310\205\301\061\000\050\000F\000i\000n\000a\000l\000i\000t\000y\000\051\254\374\000\040\273\064\306\044\271\130\301\061\000\050\000I\000n\000f\000a\000l\000l\000i\000b\000i\000l\000i\000t\000y\000\051}{section*.61}% 51
\BOOKMARK [2][-]{subsection*.65}{\376\377\0004\000.\000\040\302\271\307\170\000\040\255\334\316\131\307\130\000\040\275\210\326\125\302\344\301\061\000\040\000\050\000U\000N\000C\000E\000R\000T\000A\000I\000N\000T\000Y\000\040\000I\000N\000\040\000T\000H\000E\000\040\000R\000U\000L\000E\000\040\000O\000F\000\040\000R\000E\000C\000O\000G\000N\000I\000T\000I\000O\000N\000\051}{section*.61}% 52
\BOOKMARK [2][-]{subsection*.66}{\376\377\000C\000H\000A\000P\000T\000E\000R\000\040\000V\000I\000I\000\040\310\374\301\035}{section*.61}% 53
\BOOKMARK [2][-]{subsection*.67}{\376\377\000C\000H\000A\000P\000T\000E\000R\000\040\000V\000I\000I\000\040\310\034\0003\323\020\000\040\310\374\301\035}{section*.61}% 54
\BOOKMARK [1][-]{section*.68}{\376\377\000V\000I\000I\000I\000.\000\040\310\025\307\130\000\050\000J\000u\000s\000t\000i\000c\000e\000\051\306\100\000\040\263\304\263\125\301\061\000\050\000M\000o\000r\000a\000l\000i\000t\000y\000\051}{}% 55
\BOOKMARK [2][-]{subsection*.69}{\376\377\0001\000.\000\040\310\025\307\130\307\130\000\040\306\320\316\131\264\344\000\040\000\050\000P\000r\000i\000n\000c\000i\000p\000l\000e\000s\000\040\000o\000f\000\040\000J\000u\000s\000t\000i\000c\000e\000\051}{section*.68}% 56
\BOOKMARK [2][-]{subsection*.70}{\376\377\0002\000.\000\040\263\304\263\125\310\001\000\040\307\130\273\064\000\050\000M\000o\000r\000a\000l\000\040\000O\000b\000l\000i\000g\000a\000t\000i\000o\000n\000\051\306\100\000\040\274\225\310\001\000\040\307\130\273\064\000\050\000L\000e\000g\000a\000l\000\040\000O\000b\000l\000i\000g\000a\000t\000i\000o\000n\000\051}{section*.68}% 57
\BOOKMARK [2][-]{subsection*.71}{\376\377\0003\000.\000\040\263\304\263\125\000\040\307\164\300\301\000\050\000M\000o\000r\000a\000l\000\040\000I\000d\000e\000a\000l\000s\000\051\254\374\000\040\300\254\326\214\310\001\000\040\276\104\323\020\000\050\000S\000o\000c\000i\000a\000l\000\040\000C\000r\000i\000t\000i\000c\000i\000s\000m\000\051}{section*.68}% 58
\BOOKMARK [2][-]{subsection*.72}{\376\377\000C\000H\000A\000P\000T\000E\000R\000\040\000V\000I\000I\000I\000\040\310\374\301\035}{section*.68}% 59
\BOOKMARK [2][-]{subsection*.73}{\376\377\000C\000H\000A\000P\000T\000E\000R\000\040\000V\000I\000I\000I\000\040\310\034\0003\323\020\000\040\310\374\301\035}{section*.68}% 60
\BOOKMARK [1][-]{section*.74}{\376\377\000I\000X\000.\000\040\274\225\254\374\000\040\263\304\263\125\000\040\000\050\000L\000a\000w\000s\000\040\000a\000n\000d\000\040\000M\000o\000r\000a\000l\000s\000\051}{}% 61
\BOOKMARK [2][-]{subsection*.75}{\376\377\0001\000.\000\040\307\220\305\360\274\225\254\374\000\040\274\225\302\344\311\235\310\374\307\130\000\040\000\050\000N\000a\000t\000u\000r\000a\000l\000\040\000L\000a\000w\000\040\000a\000n\000d\000\040\000L\000e\000g\000a\000l\000\040\000P\000o\000s\000i\000t\000i\000v\000i\000s\000m\000\051}{section*.74}% 62
\BOOKMARK [2][-]{subsection*.76}{\376\377\0002\000.\000\040\307\220\305\360\274\225\307\130\000\040\315\134\301\214\000\040\260\264\306\251\000\040\000\050\000T\000h\000e\000\040\000M\000i\000n\000i\000m\000u\000m\000\040\000C\000o\000n\000t\000e\000n\000t\000\040\000o\000f\000\040\000N\000a\000t\000u\000r\000a\000l\000\040\000L\000a\000w\000\051}{section*.74}% 63
\BOOKMARK [2][-]{subsection*.77}{\376\377\0003\000.\000\040\274\225\310\001\000\040\307\040\326\250\301\061\254\374\000\040\263\304\263\125\310\001\000\040\254\000\316\130}{section*.74}% 64
\BOOKMARK [2][-]{subsection*.78}{\376\377\000C\000H\000A\000P\000T\000E\000R\000\040\000I\000X\000\040\310\374\301\035}{section*.74}% 65
\BOOKMARK [2][-]{subsection*.79}{\376\377\000C\000H\000A\000P\000T\000E\000R\000\040\000I\000X\000\040\310\034\0003\323\020\000\040\310\374\301\035}{section*.74}% 66
\BOOKMARK [1][-]{section*.80}{\376\377\000X\000.\000\040\255\155\310\034\274\225\000\050\000I\000N\000T\000E\000R\000N\000A\000T\000I\000O\000N\000A\000L\000\040\000L\000A\000W\000\051}{}% 67
\BOOKMARK [2][-]{subsection*.81}{\376\377\0001\000.\000\040\307\130\302\354\307\130\000\040\255\374\306\320\000\050\000S\000O\000U\000R\000C\000E\000S\000\040\000O\000F\000\040\000D\000O\000U\000B\000T\000\051}{section*.80}% 68
\BOOKMARK [2][-]{subsection*.82}{\376\377\0002\000.\000\040\307\130\273\064\306\100\000\040\310\034\307\254\000\050\000O\000B\000L\000I\000G\000A\000T\000I\000O\000N\000S\000\040\000A\000N\000D\000\040\000S\000A\000N\000C\000T\000I\000O\000N\000S\000\051}{section*.80}% 69
\BOOKMARK [2][-]{subsection*.83}{\376\377\0003\000.\000\040\307\130\273\064\306\100\000\040\255\155\254\000\307\130\000\040\310\374\255\214\000\050\000O\000B\000L\000I\000G\000A\000T\000I\000O\000N\000\040\000A\000N\000D\000\040\000T\000H\000E\000\040\000S\000O\000V\000E\000R\000E\000I\000G\000N\000T\000Y\000\040\000O\000F\000\040\000S\000T\000A\000T\000E\000S\000\051}{section*.80}% 70
\BOOKMARK [2][-]{subsection*.84}{\376\377\0004\000.\000\040\255\155\310\034\274\225\254\374\000\040\263\304\263\125\000\050\000I\000N\000T\000E\000R\000N\000A\000T\000I\000O\000N\000A\000L\000\040\000L\000A\000W\000\040\000A\000N\000D\000\040\000M\000O\000R\000A\000L\000I\000T\000Y\000\051}{section*.80}% 71
\BOOKMARK [2][-]{subsection*.85}{\376\377\0005\000.\000\040\326\025\302\335\000\040\274\017\000\040\260\264\306\251\307\130\000\040\307\040\300\254\301\061\000\050\000A\000n\000a\000l\000o\000g\000i\000e\000s\000\040\000o\000f\000\040\000F\000o\000r\000m\000\040\000a\000n\000d\000\040\000C\000o\000n\000t\000e\000n\000t\000\051}{section*.80}% 72
\BOOKMARK [2][-]{subsection*.86}{\376\377\000C\000H\000A\000P\000T\000E\000R\000\040\000X\000\040\310\374\301\035}{section*.80}% 73
\BOOKMARK [2][-]{subsection*.87}{\376\377\000C\000H\000A\000P\000T\000E\000R\000\040\000X\000\040\310\034\0003\323\020\000\040\310\374\301\035}{section*.80}% 74
\BOOKMARK [1][-]{section*.88}{\376\377\326\304\256\060\000\050\000P\000O\000S\000T\000S\000C\000R\000I\000P\000T\000\051}{}% 75
\BOOKMARK [2][-]{subsection*.89}{\376\377\301\034\270\140\000\050\000I\000N\000T\000R\000O\000D\000U\000C\000T\000O\000R\000Y\000\051}{section*.88}% 76
\BOOKMARK [2][-]{subsection*.90}{\376\377\0001\000.\000\040\274\225\307\164\270\140\307\130\000\040\274\370\301\061\000\050\000T\000H\000E\000\040\000N\000A\000T\000U\000R\000E\000\040\000O\000F\000\040\000L\000E\000G\000A\000L\000\040\000T\000H\000E\000O\000R\000Y\000\051}{section*.88}% 77
\BOOKMARK [2][-]{subsection*.91}{\376\377\0002\000.\000\040\274\225\302\344\311\235\310\374\307\130\307\130\000\040\274\370\301\061}{section*.88}% 78
\BOOKMARK [2][-]{subsection*.95}{\376\377\0003\000.\000\040\255\334\316\131\307\130\000\040\274\370\301\061\000\050\000T\000h\000e\000\040\000N\000a\000t\000u\000r\000e\000\040\000o\000f\000\040\000R\000u\000l\000e\000s\000\051}{section*.88}% 79
\BOOKMARK [2][-]{subsection*.98}{\376\377\0004\000.\000\040\306\320\316\131\254\374\000\040\302\271\307\170\000\040\255\334\316\131\000\050\000R\000u\000l\000e\000\040\000o\000f\000\040\000R\000e\000c\000o\000g\000n\000i\000t\000i\000o\000n\000\051}{section*.88}% 80
\BOOKMARK [2][-]{subsection*.100}{\376\377\0005\000.\000\040\274\225\254\374\000\040\263\304\263\125\000\040\000\050\000L\000A\000W\000\040\000A\000N\000D\000\040\000M\000O\000R\000A\000L\000I\000T\000Y\000\051}{section*.88}% 81
\BOOKMARK [2][-]{subsection*.103}{\376\377\0006\000.\000\040\300\254\274\225\310\001\000\040\307\254\267\311\000\050\000J\000u\000d\000i\000c\000i\000a\000l\000\040\000D\000i\000s\000c\000r\000e\000t\000i\000o\000n\000\051}{section*.88}% 82
\BOOKMARK [2][-]{subsection*.104}{\376\377\000P\000O\000S\000T\000S\000C\000R\000I\000P\000T\000\040\310\374\301\035}{section*.88}% 83
\BOOKMARK [2][-]{subsection*.105}{\376\377\000P\000O\000S\000T\000S\000C\000R\000I\000P\000T\000\040\310\034\0003\323\020\000\040\310\374\301\035}{section*.88}% 84
