This is XeTeX, Version 3.141592653-2.6-0.999996 (TeX Live 2024) (preloaded format=xelatex 2024.11.18)  25 JUL 2025 07:55
entering extended mode
 restricted \write18 enabled.
 %&-line parsing enabled.
**sim-final.tex
(./sim-final.tex
LaTeX2e <2023-11-01> patch level 1
L3 programming layer <2024-02-20>
(/usr/local/texlive/2024/texmf-dist/tex/latex/base/book.cls
Document Class: book 2023/05/17 v1.4n Standard LaTeX document class
(/usr/local/texlive/2024/texmf-dist/tex/latex/base/bk12.clo
File: bk12.clo 2023/05/17 v1.4n Standard LaTeX file (size option)
)
\c@part=\count184
\c@chapter=\count185
\c@section=\count186
\c@subsection=\count187
\c@subsubsection=\count188
\c@paragraph=\count189
\c@subparagraph=\count190
\c@figure=\count191
\c@table=\count192
\abovecaptionskip=\skip48
\belowcaptionskip=\skip49
\bibindent=\dimen140
)
(/usr/local/texlive/2024/texmf-dist/tex/generic/babel/babel.sty
Package: babel 2024/02/07 v24.2 The Babel package
\babel@savecnt=\count193
\U@D=\dimen141
\l@unhyphenated=\language89

(/usr/local/texlive/2024/texmf-dist/tex/generic/babel/xebabel.def)
\bbl@readstream=\read2
\bbl@dirlevel=\count194

(/usr/local/texlive/2024/texmf-dist/tex/generic/babel-english/english.ldf
Language: english 2017/06/06 v3.3r English support from the babel system
Package babel Info: Hyphen rules for 'canadian' set to \l@english
(babel)             (\language0). Reported on input line 102.
Package babel Info: Hyphen rules for 'australian' set to \l@ukenglish
(babel)             (\language23). Reported on input line 105.
Package babel Info: Hyphen rules for 'newzealand' set to \l@ukenglish
(babel)             (\language23). Reported on input line 108.
))
(/usr/local/texlive/2024/texmf-dist/tex/generic/babel/locale/en/babel-english.t
ex
Package babel Info: Importing font and identification data for english
(babel)             from babel-en.ini. Reported on input line 11.
) (/usr/local/texlive/2024/texmf-dist/tex/latex/fontspec/fontspec.sty
(/usr/local/texlive/2024/texmf-dist/tex/latex/l3packages/xparse/xparse.sty
(/usr/local/texlive/2024/texmf-dist/tex/latex/l3kernel/expl3.sty
Package: expl3 2024-02-20 L3 programming layer (loader) 

(/usr/local/texlive/2024/texmf-dist/tex/latex/l3backend/l3backend-xetex.def
File: l3backend-xetex.def 2024-02-20 L3 backend support: XeTeX
\g__graphics_track_int=\count195
\l__pdf_internal_box=\box51
\g__pdf_backend_object_int=\count196
\g__pdf_backend_annotation_int=\count197
\g__pdf_backend_link_int=\count198
))
Package: xparse 2024-02-18 L3 Experimental document command parser
)
Package: fontspec 2024/02/13 v2.9a Font selection for XeLaTeX and LuaLaTeX

(/usr/local/texlive/2024/texmf-dist/tex/latex/fontspec/fontspec-xetex.sty
Package: fontspec-xetex 2024/02/13 v2.9a Font selection for XeLaTeX and LuaLaTe
X
\l__fontspec_script_int=\count199
\l__fontspec_language_int=\count266
\l__fontspec_strnum_int=\count267
\l__fontspec_tmp_int=\count268
\l__fontspec_tmpa_int=\count269
\l__fontspec_tmpb_int=\count270
\l__fontspec_tmpc_int=\count271
\l__fontspec_em_int=\count272
\l__fontspec_emdef_int=\count273
\l__fontspec_strong_int=\count274
\l__fontspec_strongdef_int=\count275
\l__fontspec_tmpa_dim=\dimen142
\l__fontspec_tmpb_dim=\dimen143
\l__fontspec_tmpc_dim=\dimen144

(/usr/local/texlive/2024/texmf-dist/tex/latex/base/fontenc.sty
Package: fontenc 2021/04/29 v2.0v Standard LaTeX package
)
(/usr/local/texlive/2024/texmf-dist/tex/latex/fontspec/fontspec.cfg)))
(/usr/local/texlive/2024/texmf-dist/tex/latex/cjk-ko/kotex.sty
Package: kotex 2015/04/19 v1.6 Korean TeX (ko.TeX)

(/usr/local/texlive/2024/texmf-dist/tex/latex/kotex-utf/kotex.cfg)
(/usr/local/texlive/2024/texmf-dist/tex/xetex/xetexko/xetexko.sty
Package: xetexko 2024/03/01 v4.3 typesetting Korean with XeTeX
\XeTeXcharclassID=\XeTeXcharclass4
\XeTeXcharclassCJ=\XeTeXcharclass5
\XeTeXcharclassOP=\XeTeXcharclass6
\XeTeXcharclassCL=\XeTeXcharclass7
\XeTeXcharclassEX=\XeTeXcharclass8
\XeTeXcharclassCM=\XeTeXcharclass9

(/usr/local/texlive/2024/texmf-dist/tex/generic/unicode-data/load-unicode-xetex
-classes.tex 
load-unicode-xetex-classes.tex v1.17 (2023-09-18)
Reading Unicode east Asian character class data
# LineBreak-15.1.0.txt 
# Date: 2023-07-28, 13:19:22 GMT [KW] 
# EastAsianWidth-15.1.0.txt 
# Date: 2023-07-28, 23:34:08 GMT 
)
\XeTeXcharclassHG=\XeTeXcharclass10
\XeTeXcharclassJJ=\XeTeXcharclass11
\XeTeXcharclassMD=\XeTeXcharclass12
\XeTeXcharclassFS=\XeTeXcharclass13
\XeTeXcharclassLD=\XeTeXcharclass14
\XeTeXcharclassSY=\XeTeXcharclass15
\XeTeXcharclassAO=\XeTeXcharclass16
\XeTeXcharclassAC=\XeTeXcharclass17
\XeTeXcharclassAM=\XeTeXcharclass18
\XeTeXcharclassAH=\XeTeXcharclass19
\XeTeXcharclassAP=\XeTeXcharclass20
\XeTeXcharclassVC=\XeTeXcharclass21
\XeKo@toks@=\toks17
\XeKo@toks@ii=\toks18
\XeKo@skip@=\skip50
\XeKo@count@=\count276
\XeKo@dimen@=\dimen145
\XeKo@box@=\box52
\XeKo@dotemph@box=\box53
 (/usr/local/texlive/2024/texmf-dist/tex/latex/cjk-ko/kolabels-utf.sty
Package: kolabels-utf 2015/03/20 v1.5 UTF-8 Hangul item labels
)))
(/usr/local/texlive/2024/texmf-dist/tex/latex/libertinus/libertinus.sty
Package: libertinus 2020/05/06 v. 0.02 (Herbert Voss) Supports libertinus fonts
 for pdflatex/lualatex/xelatex

(/usr/local/texlive/2024/texmf-dist/tex/generic/iftex/iftex.sty
Package: iftex 2022/02/03 v1.0f TeX engine tests
)
(/usr/local/texlive/2024/texmf-dist/tex/latex/xkeyval/xkeyval.sty
Package: xkeyval 2022/06/16 v2.9 package option processing (HA)

(/usr/local/texlive/2024/texmf-dist/tex/generic/xkeyval/xkeyval.tex
(/usr/local/texlive/2024/texmf-dist/tex/generic/xkeyval/xkvutils.tex
\XKV@toks=\toks19
\XKV@tempa@toks=\toks20

(/usr/local/texlive/2024/texmf-dist/tex/generic/xkeyval/keyval.tex))
\XKV@depth=\count277
File: xkeyval.tex 2014/12/03 v2.7a key=value parser (HA)
))
(/usr/local/texlive/2024/texmf-dist/tex/latex/libertinus-otf/libertinus-otf.sty
Package: libertinus-otf 2023/09/21 v. 0.32 (Herbert Voss) Supports libertinus f
onts for lualatex and xelatex.
(/usr/local/texlive/2024/texmf-dist/tex/generic/iftex/ifxetex.sty
Package: ifxetex 2019/10/25 v0.7 ifxetex legacy package. Use iftex instead.
)
(/usr/local/texlive/2024/texmf-dist/tex/generic/iftex/ifluatex.sty
Package: ifluatex 2019/10/25 v1.5 ifluatex legacy package. Use iftex instead.
)
(/usr/local/texlive/2024/texmf-dist/tex/latex/base/textcomp.sty
Package: textcomp 2020/02/02 v2.0n Standard LaTeX package
)
(/usr/local/texlive/2024/texmf-dist/tex/latex/unicode-math/unicode-math.sty
Package: unicode-math 2023/08/13 v0.8r Unicode maths in XeLaTeX and LuaLaTeX

(/usr/local/texlive/2024/texmf-dist/tex/latex/unicode-math/unicode-math-xetex.s
ty
Package: unicode-math-xetex 2023/08/13 v0.8r Unicode maths in XeLaTeX and LuaLa
TeX

(/usr/local/texlive/2024/texmf-dist/tex/latex/l3packages/l3keys2e/l3keys2e.sty
Package: l3keys2e 2024-02-18 LaTeX2e option processing using LaTeX3 keys
) (/usr/local/texlive/2024/texmf-dist/tex/latex/base/fix-cm.sty
Package: fix-cm 2020/11/24 v1.1t fixes to LaTeX

(/usr/local/texlive/2024/texmf-dist/tex/latex/base/ts1enc.def
File: ts1enc.def 2001/06/05 v3.0e (jk/car/fm) Standard LaTeX file
LaTeX Font Info:    Redeclaring font encoding TS1 on input line 47.
))
(/usr/local/texlive/2024/texmf-dist/tex/latex/amsmath/amsmath.sty
Package: amsmath 2023/05/13 v2.17o AMS math features
\@mathmargin=\skip51

For additional information on amsmath, use the `?' option.
(/usr/local/texlive/2024/texmf-dist/tex/latex/amsmath/amstext.sty
Package: amstext 2021/08/26 v2.01 AMS text

(/usr/local/texlive/2024/texmf-dist/tex/latex/amsmath/amsgen.sty
File: amsgen.sty 1999/11/30 v2.0 generic functions
\@emptytoks=\toks21
\ex@=\dimen146
))
(/usr/local/texlive/2024/texmf-dist/tex/latex/amsmath/amsbsy.sty
Package: amsbsy 1999/11/29 v1.2d Bold Symbols
\pmbraise@=\dimen147
)
(/usr/local/texlive/2024/texmf-dist/tex/latex/amsmath/amsopn.sty
Package: amsopn 2022/04/08 v2.04 operator names
)
\inf@bad=\count278
LaTeX Info: Redefining \frac on input line 234.
\uproot@=\count279
\leftroot@=\count280
LaTeX Info: Redefining \overline on input line 399.
LaTeX Info: Redefining \colon on input line 410.
\classnum@=\count281
\DOTSCASE@=\count282
LaTeX Info: Redefining \ldots on input line 496.
LaTeX Info: Redefining \dots on input line 499.
LaTeX Info: Redefining \cdots on input line 620.
\Mathstrutbox@=\box54
\strutbox@=\box55
LaTeX Info: Redefining \big on input line 722.
LaTeX Info: Redefining \Big on input line 723.
LaTeX Info: Redefining \bigg on input line 724.
LaTeX Info: Redefining \Bigg on input line 725.
\big@size=\dimen148
LaTeX Font Info:    Redeclaring font encoding OML on input line 743.
LaTeX Font Info:    Redeclaring font encoding OMS on input line 744.
\macc@depth=\count283
LaTeX Info: Redefining \bmod on input line 905.
LaTeX Info: Redefining \pmod on input line 910.
LaTeX Info: Redefining \smash on input line 940.
LaTeX Info: Redefining \relbar on input line 970.
LaTeX Info: Redefining \Relbar on input line 971.
\c@MaxMatrixCols=\count284
\dotsspace@=\muskip16
\c@parentequation=\count285
\dspbrk@lvl=\count286
\tag@help=\toks22
\row@=\count287
\column@=\count288
\maxfields@=\count289
\andhelp@=\toks23
\eqnshift@=\dimen149
\alignsep@=\dimen150
\tagshift@=\dimen151
\tagwidth@=\dimen152
\totwidth@=\dimen153
\lineht@=\dimen154
\@envbody=\toks24
\multlinegap=\skip52
\multlinetaggap=\skip53
\mathdisplay@stack=\toks25
LaTeX Info: Redefining \[ on input line 2953.
LaTeX Info: Redefining \] on input line 2954.
)
\g__um_fam_int=\count290
\g__um_fonts_used_int=\count291
\l__um_primecount_int=\count292
\g__um_primekern_muskip=\muskip17

(/usr/local/texlive/2024/texmf-dist/tex/latex/unicode-math/unicode-math-table.t
ex)))
Requested font "[LibertinusSerif-Regular.otf]/OT" at 11.99997pt
 -> /usr/local/texlive/2024/texmf-dist/fonts/opentype/public/libertinus-fonts/L
ibertinusSerif-Regular.otf
Requested font "[LibertinusSerif-Regular.otf]/OT" at 12.00003pt
 -> /usr/local/texlive/2024/texmf-dist/fonts/opentype/public/libertinus-fonts/L
ibertinusSerif-Regular.otf

Package fontspec Info: LibertinusSerif-Regular scale = 1.

Requested font "[LibertinusSerif-Regular.otf]/OT:script=latn;language=dflt;" at
 12.00003pt
 -> /usr/local/texlive/2024/texmf-dist/fonts/opentype/public/libertinus-fonts/L
ibertinusSerif-Regular.otf

Package fontspec Info: LibertinusSerif-Regular scale = 1.


Package fontspec Info: LibertinusSerif-Regular scale = 1.

Requested font "[LibertinusSerif-Bold.otf]/OT:script=latn;language=dflt;" at 12
.00003pt
 -> /usr/local/texlive/2024/texmf-dist/fonts/opentype/public/libertinus-fonts/L
ibertinusSerif-Bold.otf

Package fontspec Info: LibertinusSerif-Bold scale = 1.


Package fontspec Info: LibertinusSerif-Bold scale = 1.

Requested font "[LibertinusSerif-Italic.otf]/OT:script=latn;language=dflt;" at 
12.00003pt
 -> /usr/local/texlive/2024/texmf-dist/fonts/opentype/public/libertinus-fonts/L
ibertinusSerif-Italic.otf

Package fontspec Info: LibertinusSerif-Italic scale = 1.


Package fontspec Info: LibertinusSerif-Italic scale = 1.


Package fontspec Info: LibertinusSerif-Regular scale = 1.


Package fontspec Info: LibertinusSerif-Regular scale = 1.

Requested font "[LibertinusSerif-BoldItalic.otf]/OT:script=latn;language=dflt;"
 at 12.00003pt
 -> /usr/local/texlive/2024/texmf-dist/fonts/opentype/public/libertinus-fonts/L
ibertinusSerif-BoldItalic.otf

Package fontspec Info: LibertinusSerif-BoldItalic scale = 1.


Package fontspec Info: LibertinusSerif-BoldItalic scale = 1.


Package fontspec Info: LibertinusSerif-Bold scale = 1.


Package fontspec Info: LibertinusSerif-Bold scale = 1.


Package fontspec Info: Font family 'LibertinusSerif(0)' created for font
(fontspec)             'LibertinusSerif' with options [Ligatures =
(fontspec)             TeX,SmallCapsFeatures={Letters=SmallCaps},RawFeature={+h
v-kern},RawFeature
(fontspec)             = {+tnum;+lnum},Scale = 1,UprightFont =
(fontspec)             *-Regular,ItalicFont = *-Italic,ItalicFeatures = {
(fontspec)             SmallCapsFont = *-Italic },SlantedFont =
(fontspec)             *-Regular,SlantedFeatures= {FakeSlant=0.2},BoldFont =
(fontspec)             *-Bold,BoldFeatures = { SmallCapsFont =
(fontspec)             *-Bold},BoldItalicFont =
(fontspec)             *-BoldItalic,BoldItalicFeatures = { SmallCapsFont =
(fontspec)             *-BoldItalic },BoldSlantedFont=
(fontspec)             *-Bold,BoldSlantedFeatures= {FakeSlant=0.2,
(fontspec)             SmallCapsFont = *-Bold},SmallCapsFont =
(fontspec)             *-Regular,SmallCapsFeatures={Letters=SmallCaps},Extensio
n
(fontspec)             = .otf].
(fontspec)              
(fontspec)              This font family consists of the following NFSS
(fontspec)             series/shapes:
(fontspec)              
(fontspec)             - 'normal' (m/n) with NFSS spec.:
(fontspec)             <->s*[1]"[LibertinusSerif-Regular.otf]/OT:script=latn;la
nguage=dflt;+hv-kern;+tnum;+lnum;mapping=tex-text;"
(fontspec)             - 'small caps'  (m/sc) with NFSS spec.:
(fontspec)             <->s*[1]"[LibertinusSerif-Regular.otf]/OT:script=latn;la
nguage=dflt;+hv-kern;+tnum;+lnum;+smcp;mapping=tex-text;"
(fontspec)             - 'bold' (b/n) with NFSS spec.:
(fontspec)             <->s*[1]"[LibertinusSerif-Bold.otf]/OT:script=latn;langu
age=dflt;+hv-kern;+tnum;+lnum;mapping=tex-text;"
(fontspec)             - 'bold small caps'  (b/sc) with NFSS spec.:
(fontspec)             <->s*[1]"[LibertinusSerif-Bold.otf]/OT:script=latn;langu
age=dflt;+hv-kern;+tnum;+lnum;+smcp;mapping=tex-text;"
(fontspec)             - 'italic' (m/it) with NFSS spec.:
(fontspec)             <->s*[1]"[LibertinusSerif-Italic.otf]/OT:script=latn;lan
guage=dflt;+hv-kern;+tnum;+lnum;mapping=tex-text;"
(fontspec)             - 'italic small caps'  (m/scit) with NFSS spec.:
(fontspec)             <->s*[1]"[LibertinusSerif-Italic.otf]/OT:script=latn;lan
guage=dflt;+hv-kern;+tnum;+lnum;+smcp;mapping=tex-text;"
(fontspec)             - 'slanted' (m/sl) with NFSS spec.:
(fontspec)             <->s*[1]"[LibertinusSerif-Regular.otf]/OT:script=latn;la
nguage=dflt;slant=0.2;+hv-kern;+tnum;+lnum;mapping=tex-text;"
(fontspec)             - 'slanted small caps'  (m/scsl) with NFSS spec.:
(fontspec)             <->s*[1]"[LibertinusSerif-Regular.otf]/OT:script=latn;la
nguage=dflt;slant=0.2;+hv-kern;+tnum;+lnum;+smcp;mapping=tex-text;"
(fontspec)             - 'bold italic' (b/it) with NFSS spec.:
(fontspec)             <->s*[1]"[LibertinusSerif-BoldItalic.otf]/OT:script=latn
;language=dflt;+hv-kern;+tnum;+lnum;mapping=tex-text;"
(fontspec)             - 'bold italic small caps'  (b/scit) with NFSS spec.:
(fontspec)             <->s*[1]"[LibertinusSerif-BoldItalic.otf]/OT:script=latn
;language=dflt;+hv-kern;+tnum;+lnum;+smcp;mapping=tex-text;"
(fontspec)             - 'bold slanted' (b/sl) with NFSS spec.:
(fontspec)             <->s*[1]"[LibertinusSerif-Bold.otf]/OT:script=latn;langu
age=dflt;slant=0.2;+hv-kern;+tnum;+lnum;mapping=tex-text;"
(fontspec)             - 'bold slanted small caps'  (b/scsl) with NFSS spec.:
(fontspec)             <->s*[1]"[LibertinusSerif-Bold.otf]/OT:script=latn;langu
age=dflt;slant=0.2;+hv-kern;+tnum;+lnum;+smcp;mapping=tex-text;"


Package fontspec Info: LibertinusSerif-Regular scale = 1.


Package fontspec Info: LibertinusSerif-Regular scale = 1.


Package fontspec Info: LibertinusSerif-Regular scale = 1.


Package fontspec Info: LibertinusSerif-Bold scale = 1.


Package fontspec Info: LibertinusSerif-Bold scale = 1.


Package fontspec Info: LibertinusSerif-Italic scale = 1.


Package fontspec Info: LibertinusSerif-Italic scale = 1.


Package fontspec Info: LibertinusSerif-Regular scale = 1.


Package fontspec Info: LibertinusSerif-Regular scale = 1.


Package fontspec Info: LibertinusSerif-BoldItalic scale = 1.


Package fontspec Info: LibertinusSerif-BoldItalic scale = 1.


Package fontspec Info: LibertinusSerif-Bold scale = 1.


Package fontspec Info: LibertinusSerif-Bold scale = 1.


Package fontspec Info: Font family 'LibertinusSerif(1)' created for font
(fontspec)             'LibertinusSerif' with options [RawFeature =
(fontspec)             {+tnum;+lnum},Scale = 1,UprightFont =
(fontspec)             *-Regular,ItalicFont = *-Italic,ItalicFeatures = {
(fontspec)             SmallCapsFont = *-Italic },SlantedFont =
(fontspec)             *-Regular,SlantedFeatures= {FakeSlant=0.2},BoldFont =
(fontspec)             *-Bold,BoldFeatures = { SmallCapsFont =
(fontspec)             *-Bold},BoldItalicFont =
(fontspec)             *-BoldItalic,BoldItalicFeatures = { SmallCapsFont =
(fontspec)             *-BoldItalic },BoldSlantedFont=
(fontspec)             *-Bold,BoldSlantedFeatures= {FakeSlant=0.2,
(fontspec)             SmallCapsFont = *-Bold},SmallCapsFont =
(fontspec)             *-Regular,SmallCapsFeatures={Letters=SmallCaps},Extensio
n
(fontspec)             = .otf].
(fontspec)              
(fontspec)              This font family consists of the following NFSS
(fontspec)             series/shapes:
(fontspec)              
(fontspec)             - 'normal' (m/n) with NFSS spec.:
(fontspec)             <->s*[1]"[LibertinusSerif-Regular.otf]/OT:script=latn;la
nguage=dflt;+tnum;+lnum;"
(fontspec)             - 'small caps'  (m/sc) with NFSS spec.:
(fontspec)             <->s*[1]"[LibertinusSerif-Regular.otf]/OT:script=latn;la
nguage=dflt;+tnum;+lnum;+smcp;"
(fontspec)             - 'bold' (b/n) with NFSS spec.:
(fontspec)             <->s*[1]"[LibertinusSerif-Bold.otf]/OT:script=latn;langu
age=dflt;+tnum;+lnum;"
(fontspec)             - 'bold small caps'  (b/sc) with NFSS spec.:
(fontspec)             <->s*[1]"[LibertinusSerif-Bold.otf]/OT:script=latn;langu
age=dflt;+tnum;+lnum;+smcp;"
(fontspec)             - 'italic' (m/it) with NFSS spec.:
(fontspec)             <->s*[1]"[LibertinusSerif-Italic.otf]/OT:script=latn;lan
guage=dflt;+tnum;+lnum;"
(fontspec)             - 'italic small caps'  (m/scit) with NFSS spec.:
(fontspec)             <->s*[1]"[LibertinusSerif-Italic.otf]/OT:script=latn;lan
guage=dflt;+tnum;+lnum;+smcp;"
(fontspec)             - 'slanted' (m/sl) with NFSS spec.:
(fontspec)             <->s*[1]"[LibertinusSerif-Regular.otf]/OT:script=latn;la
nguage=dflt;slant=0.2;+tnum;+lnum;"
(fontspec)             - 'slanted small caps'  (m/scsl) with NFSS spec.:
(fontspec)             <->s*[1]"[LibertinusSerif-Regular.otf]/OT:script=latn;la
nguage=dflt;slant=0.2;+tnum;+lnum;+smcp;"
(fontspec)             - 'bold italic' (b/it) with NFSS spec.:
(fontspec)             <->s*[1]"[LibertinusSerif-BoldItalic.otf]/OT:script=latn
;language=dflt;+tnum;+lnum;"
(fontspec)             - 'bold italic small caps'  (b/scit) with NFSS spec.:
(fontspec)             <->s*[1]"[LibertinusSerif-BoldItalic.otf]/OT:script=latn
;language=dflt;+tnum;+lnum;+smcp;"
(fontspec)             - 'bold slanted' (b/sl) with NFSS spec.:
(fontspec)             <->s*[1]"[LibertinusSerif-Bold.otf]/OT:script=latn;langu
age=dflt;slant=0.2;+tnum;+lnum;"
(fontspec)             - 'bold slanted small caps'  (b/scsl) with NFSS spec.:
(fontspec)             <->s*[1]"[LibertinusSerif-Bold.otf]/OT:script=latn;langu
age=dflt;slant=0.2;+tnum;+lnum;+smcp;"

LaTeX Font Info:    Overwriting math alphabet `\mathrm' in version `normal'
(Font)                  OT1/cmr/m/n --> TU/LibertinusSerif(1)/m/n on input line
 232.
LaTeX Font Info:    Overwriting math alphabet `\mathit' in version `normal'
(Font)                  OT1/cmr/m/it --> TU/LibertinusSerif(1)/m/it on input li
ne 232.
LaTeX Font Info:    Overwriting math alphabet `\mathbf' in version `normal'
(Font)                  OT1/cmr/bx/n --> TU/LibertinusSerif(1)/b/n on input lin
e 232.
LaTeX Font Info:    Font shape `TU/LibertinusSerif(0)/m/n' will be
(Font)              scaled to size 12.0pt on input line 232.
Requested font "[LibertinusSerif-Regular.otf]/OT:script=latn;language=dflt;+hv-
kern;+tnum;+lnum;mapping=tex-text;" at 12.0pt
 -> /usr/local/texlive/2024/texmf-dist/fonts/opentype/public/libertinus-fonts/L
ibertinusSerif-Regular.otf

Package fontspec Info: LibertinusSerif-Regular scale = 1.


Package fontspec Info: LibertinusSerif-Regular scale = 1.


Package fontspec Info: LibertinusSerif-Regular scale = 1.

Requested font "[LibertinusSerif-Semibold.otf]/OT:script=latn;language=dflt;" a
t 12.00003pt
 -> /usr/local/texlive/2024/texmf-dist/fonts/opentype/public/libertinus-fonts/L
ibertinusSerif-Semibold.otf

Package fontspec Info: LibertinusSerif-Semibold scale = 1.


Package fontspec Info: LibertinusSerif-Semibold scale = 1.


Package fontspec Info: LibertinusSerif-Italic scale = 1.


Package fontspec Info: LibertinusSerif-Italic scale = 1.


Package fontspec Info: LibertinusSerif-Regular scale = 1.


Package fontspec Info: LibertinusSerif-Regular scale = 1.

Requested font "[LibertinusSerif-SemiboldItalic.otf]/OT:script=latn;language=df
lt;" at 12.00003pt
 -> /usr/local/texlive/2024/texmf-dist/fonts/opentype/public/libertinus-fonts/L
ibertinusSerif-SemiboldItalic.otf

Package fontspec Info: LibertinusSerif-SemiboldItalic scale = 1.


Package fontspec Info: LibertinusSerif-SemiboldItalic scale = 1.


Package fontspec Info: LibertinusSerif-Semibold scale = 1.


Package fontspec Info: LibertinusSerif-Semibold scale = 1.


Package fontspec Info: Font family 'LibertinusSerif(2)' created for font
(fontspec)             'LibertinusSerif' with options [RawFeature =
(fontspec)             {+tnum;+lnum},Scale = 1,UprightFont =
(fontspec)             *-Regular,ItalicFont = *-Italic,ItalicFeatures = {
(fontspec)             SmallCapsFont = *-Italic },SlantedFont =
(fontspec)             *-Regular,SlantedFeatures= {FakeSlant=0.2},BoldFont =
(fontspec)             *-Semibold,BoldFeatures = { SmallCapsFont = *-Semibold
(fontspec)             },BoldItalicFont = *-SemiboldItalic,BoldItalicFeatures
(fontspec)             = { SmallCapsFont = *-SemiboldItalic },BoldSlantedFont=
(fontspec)             *-Semibold,BoldSlantedFeatures = {FakeSlant=0.2,
(fontspec)             SmallCapsFont = *-Semibold },SmallCapsFont =
(fontspec)             *-Regular,SmallCapsFeatures={Letters=SmallCaps},Extensio
n
(fontspec)             = .otf].
(fontspec)              
(fontspec)              This font family consists of the following NFSS
(fontspec)             series/shapes:
(fontspec)              
(fontspec)             - 'normal' (m/n) with NFSS spec.:
(fontspec)             <->s*[1]"[LibertinusSerif-Regular.otf]/OT:script=latn;la
nguage=dflt;+tnum;+lnum;"
(fontspec)             - 'small caps'  (m/sc) with NFSS spec.:
(fontspec)             <->s*[1]"[LibertinusSerif-Regular.otf]/OT:script=latn;la
nguage=dflt;+tnum;+lnum;+smcp;"
(fontspec)             - 'bold' (b/n) with NFSS spec.:
(fontspec)             <->s*[1]"[LibertinusSerif-Semibold.otf]/OT:script=latn;l
anguage=dflt;+tnum;+lnum;"
(fontspec)             - 'bold small caps'  (b/sc) with NFSS spec.:
(fontspec)             <->s*[1]"[LibertinusSerif-Semibold.otf]/OT:script=latn;l
anguage=dflt;+tnum;+lnum;+smcp;"
(fontspec)             - 'italic' (m/it) with NFSS spec.:
(fontspec)             <->s*[1]"[LibertinusSerif-Italic.otf]/OT:script=latn;lan
guage=dflt;+tnum;+lnum;"
(fontspec)             - 'italic small caps'  (m/scit) with NFSS spec.:
(fontspec)             <->s*[1]"[LibertinusSerif-Italic.otf]/OT:script=latn;lan
guage=dflt;+tnum;+lnum;+smcp;"
(fontspec)             - 'slanted' (m/sl) with NFSS spec.:
(fontspec)             <->s*[1]"[LibertinusSerif-Regular.otf]/OT:script=latn;la
nguage=dflt;slant=0.2;+tnum;+lnum;"
(fontspec)             - 'slanted small caps'  (m/scsl) with NFSS spec.:
(fontspec)             <->s*[1]"[LibertinusSerif-Regular.otf]/OT:script=latn;la
nguage=dflt;slant=0.2;+tnum;+lnum;+smcp;"
(fontspec)             - 'bold italic' (b/it) with NFSS spec.:
(fontspec)             <->s*[1]"[LibertinusSerif-SemiboldItalic.otf]/OT:script=
latn;language=dflt;+tnum;+lnum;"
(fontspec)             - 'bold italic small caps'  (b/scit) with NFSS spec.:
(fontspec)             <->s*[1]"[LibertinusSerif-SemiboldItalic.otf]/OT:script=
latn;language=dflt;+tnum;+lnum;+smcp;"
(fontspec)             - 'bold slanted' (b/sl) with NFSS spec.:
(fontspec)             <->s*[1]"[LibertinusSerif-Semibold.otf]/OT:script=latn;l
anguage=dflt;slant=0.2;+tnum;+lnum;"
(fontspec)             - 'bold slanted small caps'  (b/scsl) with NFSS spec.:
(fontspec)             <->s*[1]"[LibertinusSerif-Semibold.otf]/OT:script=latn;l
anguage=dflt;slant=0.2;+tnum;+lnum;+smcp;"


Package fontspec Info: LibertinusSerif-Regular scale = 1.


Package fontspec Info: LibertinusSerif-Regular scale = 1.


Package fontspec Info: LibertinusSerif-Regular scale = 1.


Package fontspec Info: LibertinusSerif-Bold scale = 1.


Package fontspec Info: LibertinusSerif-Bold scale = 1.


Package fontspec Info: LibertinusSerif-Italic scale = 1.


Package fontspec Info: LibertinusSerif-Italic scale = 1.


Package fontspec Info: LibertinusSerif-Regular scale = 1.


Package fontspec Info: LibertinusSerif-Regular scale = 1.


Package fontspec Info: LibertinusSerif-BoldItalic scale = 1.


Package fontspec Info: LibertinusSerif-BoldItalic scale = 1.


Package fontspec Info: LibertinusSerif-Bold scale = 1.


Package fontspec Info: LibertinusSerif-Bold scale = 1.


Package fontspec Info: Font family 'LibertinusSerif(3)' created for font
(fontspec)             'LibertinusSerif' with options [RawFeature =
(fontspec)             {+onum},Scale = 1,UprightFont = *-Regular,ItalicFont =
(fontspec)             *-Italic,ItalicFeatures = { SmallCapsFont = *-Italic
(fontspec)             },SlantedFont = *-Regular,SlantedFeatures=
(fontspec)             {FakeSlant=0.2},BoldFont = *-Bold,BoldFeatures = {
(fontspec)             SmallCapsFont = *-Bold},BoldItalicFont =
(fontspec)             *-BoldItalic,BoldItalicFeatures = { SmallCapsFont =
(fontspec)             *-BoldItalic },BoldSlantedFont=
(fontspec)             *-Bold,BoldSlantedFeatures = {FakeSlant=0.2,
(fontspec)             SmallCapsFont = *-Bold},SmallCapsFont =
(fontspec)             *-Regular,SmallCapsFeatures={Letters=SmallCaps},Extensio
n
(fontspec)             = .otf].
(fontspec)              
(fontspec)              This font family consists of the following NFSS
(fontspec)             series/shapes:
(fontspec)              
(fontspec)             - 'normal' (m/n) with NFSS spec.:
(fontspec)             <->s*[1]"[LibertinusSerif-Regular.otf]/OT:script=latn;la
nguage=dflt;+onum;"
(fontspec)             - 'small caps'  (m/sc) with NFSS spec.:
(fontspec)             <->s*[1]"[LibertinusSerif-Regular.otf]/OT:script=latn;la
nguage=dflt;+onum;+smcp;"
(fontspec)             - 'bold' (b/n) with NFSS spec.:
(fontspec)             <->s*[1]"[LibertinusSerif-Bold.otf]/OT:script=latn;langu
age=dflt;+onum;"
(fontspec)             - 'bold small caps'  (b/sc) with NFSS spec.:
(fontspec)             <->s*[1]"[LibertinusSerif-Bold.otf]/OT:script=latn;langu
age=dflt;+onum;+smcp;"
(fontspec)             - 'italic' (m/it) with NFSS spec.:
(fontspec)             <->s*[1]"[LibertinusSerif-Italic.otf]/OT:script=latn;lan
guage=dflt;+onum;"
(fontspec)             - 'italic small caps'  (m/scit) with NFSS spec.:
(fontspec)             <->s*[1]"[LibertinusSerif-Italic.otf]/OT:script=latn;lan
guage=dflt;+onum;+smcp;"
(fontspec)             - 'slanted' (m/sl) with NFSS spec.:
(fontspec)             <->s*[1]"[LibertinusSerif-Regular.otf]/OT:script=latn;la
nguage=dflt;slant=0.2;+onum;"
(fontspec)             - 'slanted small caps'  (m/scsl) with NFSS spec.:
(fontspec)             <->s*[1]"[LibertinusSerif-Regular.otf]/OT:script=latn;la
nguage=dflt;slant=0.2;+onum;+smcp;"
(fontspec)             - 'bold italic' (b/it) with NFSS spec.:
(fontspec)             <->s*[1]"[LibertinusSerif-BoldItalic.otf]/OT:script=latn
;language=dflt;+onum;"
(fontspec)             - 'bold italic small caps'  (b/scit) with NFSS spec.:
(fontspec)             <->s*[1]"[LibertinusSerif-BoldItalic.otf]/OT:script=latn
;language=dflt;+onum;+smcp;"
(fontspec)             - 'bold slanted' (b/sl) with NFSS spec.:
(fontspec)             <->s*[1]"[LibertinusSerif-Bold.otf]/OT:script=latn;langu
age=dflt;slant=0.2;+onum;"
(fontspec)             - 'bold slanted small caps'  (b/scsl) with NFSS spec.:
(fontspec)             <->s*[1]"[LibertinusSerif-Bold.otf]/OT:script=latn;langu
age=dflt;slant=0.2;+onum;+smcp;"


Package fontspec Info: LibertinusSerif-Regular scale = 1.


Package fontspec Info: LibertinusSerif-Regular scale = 1.


Package fontspec Info: LibertinusSerif-Regular scale = 1.


Package fontspec Info: LibertinusSerif-Bold scale = 1.


Package fontspec Info: LibertinusSerif-Bold scale = 1.


Package fontspec Info: LibertinusSerif-Italic scale = 1.


Package fontspec Info: LibertinusSerif-Italic scale = 1.


Package fontspec Info: LibertinusSerif-Regular scale = 1.


Package fontspec Info: LibertinusSerif-Regular scale = 1.


Package fontspec Info: LibertinusSerif-BoldItalic scale = 1.


Package fontspec Info: LibertinusSerif-BoldItalic scale = 1.


Package fontspec Info: LibertinusSerif-Bold scale = 1.


Package fontspec Info: LibertinusSerif-Bold scale = 1.


Package fontspec Info: Font family 'LibertinusSerif(4)' created for font
(fontspec)             'LibertinusSerif' with options [RawFeature =
(fontspec)             {+tnum;-onum},Scale = 1,UprightFont =
(fontspec)             *-Regular,ItalicFont = *-Italic,ItalicFeatures = {
(fontspec)             SmallCapsFont = *-Italic },SlantedFont =
(fontspec)             *-Regular,SlantedFeatures= {FakeSlant=0.2},BoldFont =
(fontspec)             *-Bold,BoldFeatures = { SmallCapsFont =
(fontspec)             *-Bold},BoldItalicFont =
(fontspec)             *-BoldItalic,BoldItalicFeatures = { SmallCapsFont =
(fontspec)             *-BoldItalic },BoldSlantedFont=
(fontspec)             *-Bold,BoldSlantedFeatures = {FakeSlant=0.2,
(fontspec)             SmallCapsFont = *-Bold},SmallCapsFont =
(fontspec)             *-Regular,SmallCapsFeatures={Letters=SmallCaps},Extensio
n
(fontspec)             = .otf].
(fontspec)              
(fontspec)              This font family consists of the following NFSS
(fontspec)             series/shapes:
(fontspec)              
(fontspec)             - 'normal' (m/n) with NFSS spec.:
(fontspec)             <->s*[1]"[LibertinusSerif-Regular.otf]/OT:script=latn;la
nguage=dflt;+tnum;-onum;"
(fontspec)             - 'small caps'  (m/sc) with NFSS spec.:
(fontspec)             <->s*[1]"[LibertinusSerif-Regular.otf]/OT:script=latn;la
nguage=dflt;+tnum;-onum;+smcp;"
(fontspec)             - 'bold' (b/n) with NFSS spec.:
(fontspec)             <->s*[1]"[LibertinusSerif-Bold.otf]/OT:script=latn;langu
age=dflt;+tnum;-onum;"
(fontspec)             - 'bold small caps'  (b/sc) with NFSS spec.:
(fontspec)             <->s*[1]"[LibertinusSerif-Bold.otf]/OT:script=latn;langu
age=dflt;+tnum;-onum;+smcp;"
(fontspec)             - 'italic' (m/it) with NFSS spec.:
(fontspec)             <->s*[1]"[LibertinusSerif-Italic.otf]/OT:script=latn;lan
guage=dflt;+tnum;-onum;"
(fontspec)             - 'italic small caps'  (m/scit) with NFSS spec.:
(fontspec)             <->s*[1]"[LibertinusSerif-Italic.otf]/OT:script=latn;lan
guage=dflt;+tnum;-onum;+smcp;"
(fontspec)             - 'slanted' (m/sl) with NFSS spec.:
(fontspec)             <->s*[1]"[LibertinusSerif-Regular.otf]/OT:script=latn;la
nguage=dflt;slant=0.2;+tnum;-onum;"
(fontspec)             - 'slanted small caps'  (m/scsl) with NFSS spec.:
(fontspec)             <->s*[1]"[LibertinusSerif-Regular.otf]/OT:script=latn;la
nguage=dflt;slant=0.2;+tnum;-onum;+smcp;"
(fontspec)             - 'bold italic' (b/it) with NFSS spec.:
(fontspec)             <->s*[1]"[LibertinusSerif-BoldItalic.otf]/OT:script=latn
;language=dflt;+tnum;-onum;"
(fontspec)             - 'bold italic small caps'  (b/scit) with NFSS spec.:
(fontspec)             <->s*[1]"[LibertinusSerif-BoldItalic.otf]/OT:script=latn
;language=dflt;+tnum;-onum;+smcp;"
(fontspec)             - 'bold slanted' (b/sl) with NFSS spec.:
(fontspec)             <->s*[1]"[LibertinusSerif-Bold.otf]/OT:script=latn;langu
age=dflt;slant=0.2;+tnum;-onum;"
(fontspec)             - 'bold slanted small caps'  (b/scsl) with NFSS spec.:
(fontspec)             <->s*[1]"[LibertinusSerif-Bold.otf]/OT:script=latn;langu
age=dflt;slant=0.2;+tnum;-onum;+smcp;"

Requested font "[LibertinusSans-Regular.otf]/OT" at 11.99997pt
 -> /usr/local/texlive/2024/texmf-dist/fonts/opentype/public/libertinus-fonts/L
ibertinusSans-Regular.otf
Requested font "[LibertinusSans-Regular.otf]/OT" at 12.00003pt
 -> /usr/local/texlive/2024/texmf-dist/fonts/opentype/public/libertinus-fonts/L
ibertinusSans-Regular.otf

Package fontspec Info: LibertinusSans-Regular scale = 1.

Requested font "[LibertinusSans-Regular.otf]/OT:script=latn;language=dflt;" at 
12.00003pt
 -> /usr/local/texlive/2024/texmf-dist/fonts/opentype/public/libertinus-fonts/L
ibertinusSans-Regular.otf

Package fontspec Info: LibertinusSans-Regular scale = 1.


Package fontspec Info: LibertinusSans-Regular scale = 1.

Requested font "[LibertinusSans-Bold.otf]/OT:script=latn;language=dflt;" at 12.
00003pt
 -> /usr/local/texlive/2024/texmf-dist/fonts/opentype/public/libertinus-fonts/L
ibertinusSans-Bold.otf

Package fontspec Info: LibertinusSans-Bold scale = 1.


Package fontspec Info: LibertinusSans-Bold scale = 1.

Requested font "[LibertinusSans-Italic.otf]/OT:script=latn;language=dflt;" at 1
2.00003pt
 -> /usr/local/texlive/2024/texmf-dist/fonts/opentype/public/libertinus-fonts/L
ibertinusSans-Italic.otf

Package fontspec Info: LibertinusSans-Italic scale = 1.


Package fontspec Info: LibertinusSans-Italic scale = 1.


Package fontspec Info: LibertinusSans-Regular scale = 1.


Package fontspec Info: LibertinusSans-Regular scale = 1.


Package fontspec Info: LibertinusSans-Italic scale = 1.


Package fontspec Info: LibertinusSans-Italic scale = 1.


Package fontspec Info: LibertinusSans-Bold scale = 1.


Package fontspec Info: LibertinusSans-Bold scale = 1.


Package fontspec Info: Font family 'LibertinusSans(0)' created for font
(fontspec)             'LibertinusSans' with options [Ligatures =
(fontspec)             TeX,SmallCapsFeatures={Letters=SmallCaps},RawFeature={+h
v-kern},Extension
(fontspec)             = .otf,RawFeature = {+tnum;+lnum},Scale = 1,UprightFont
(fontspec)             = *-Regular,ItalicFont = *-Italic,ItalicFeatures = {
(fontspec)             SmallCapsFont = *-Italic },SlantedFont =
(fontspec)             *-Regular,SlantedFeatures= {FakeSlant=0.2},BoldFont =
(fontspec)             *-Bold,BoldFeatures = { SmallCapsFont = *-Bold
(fontspec)             },BoldItalicFont = *-Italic,BoldItalicFeatures =
(fontspec)             {RawFeature={embolden=3},SmallCapsFont = *-Italic
(fontspec)             },BoldSlantedFont= *-Bold,BoldSlantedFeatures =
(fontspec)             {FakeSlant=0.2, SmallCapsFont = *-Bold },SmallCapsFont
(fontspec)             = *-Regular,SmallCapsFeatures={Letters=SmallCaps}].
(fontspec)              
(fontspec)              This font family consists of the following NFSS
(fontspec)             series/shapes:
(fontspec)              
(fontspec)             - 'normal' (m/n) with NFSS spec.:
(fontspec)             <->s*[1]"[LibertinusSans-Regular.otf]/OT:script=latn;lan
guage=dflt;+hv-kern;+tnum;+lnum;mapping=tex-text;"
(fontspec)             - 'small caps'  (m/sc) with NFSS spec.:
(fontspec)             <->s*[1]"[LibertinusSans-Regular.otf]/OT:script=latn;lan
guage=dflt;+hv-kern;+tnum;+lnum;+smcp;mapping=tex-text;"
(fontspec)             - 'bold' (b/n) with NFSS spec.:
(fontspec)             <->s*[1]"[LibertinusSans-Bold.otf]/OT:script=latn;langua
ge=dflt;+hv-kern;+tnum;+lnum;mapping=tex-text;"
(fontspec)             - 'bold small caps'  (b/sc) with NFSS spec.:
(fontspec)             <->s*[1]"[LibertinusSans-Bold.otf]/OT:script=latn;langua
ge=dflt;+hv-kern;+tnum;+lnum;+smcp;mapping=tex-text;"
(fontspec)             - 'italic' (m/it) with NFSS spec.:
(fontspec)             <->s*[1]"[LibertinusSans-Italic.otf]/OT:script=latn;lang
uage=dflt;+hv-kern;+tnum;+lnum;mapping=tex-text;"
(fontspec)             - 'italic small caps'  (m/scit) with NFSS spec.:
(fontspec)             <->s*[1]"[LibertinusSans-Italic.otf]/OT:script=latn;lang
uage=dflt;+hv-kern;+tnum;+lnum;+smcp;mapping=tex-text;"
(fontspec)             - 'slanted' (m/sl) with NFSS spec.:
(fontspec)             <->s*[1]"[LibertinusSans-Regular.otf]/OT:script=latn;lan
guage=dflt;slant=0.2;+hv-kern;+tnum;+lnum;mapping=tex-text;"
(fontspec)             - 'slanted small caps'  (m/scsl) with NFSS spec.:
(fontspec)             <->s*[1]"[LibertinusSans-Regular.otf]/OT:script=latn;lan
guage=dflt;slant=0.2;+hv-kern;+tnum;+lnum;+smcp;mapping=tex-text;"
(fontspec)             - 'bold italic' (b/it) with NFSS spec.:
(fontspec)             <->s*[1]"[LibertinusSans-Italic.otf]/OT:script=latn;lang
uage=dflt;+hv-kern;+tnum;+lnum;embolden=3;mapping=tex-text;"
(fontspec)             - 'bold italic small caps'  (b/scit) with NFSS spec.:
(fontspec)             <->s*[1]"[LibertinusSans-Italic.otf]/OT:script=latn;lang
uage=dflt;+hv-kern;+tnum;+lnum;embolden=3;+smcp;mapping=tex-text;"
(fontspec)             - 'bold slanted' (b/sl) with NFSS spec.:
(fontspec)             <->s*[1]"[LibertinusSans-Bold.otf]/OT:script=latn;langua
ge=dflt;slant=0.2;+hv-kern;+tnum;+lnum;mapping=tex-text;"
(fontspec)             - 'bold slanted small caps'  (b/scsl) with NFSS spec.:
(fontspec)             <->s*[1]"[LibertinusSans-Bold.otf]/OT:script=latn;langua
ge=dflt;slant=0.2;+hv-kern;+tnum;+lnum;+smcp;mapping=tex-text;"


Package fontspec Info: LibertinusSans-Regular scale = 1.


Package fontspec Info: LibertinusSans-Regular scale = 1.


Package fontspec Info: LibertinusSans-Regular scale = 1.


Package fontspec Info: LibertinusSans-Bold scale = 1.


Package fontspec Info: LibertinusSans-Bold scale = 1.


Package fontspec Info: LibertinusSans-Italic scale = 1.


Package fontspec Info: LibertinusSans-Italic scale = 1.


Package fontspec Info: LibertinusSans-Regular scale = 1.


Package fontspec Info: LibertinusSans-Regular scale = 1.


Package fontspec Info: LibertinusSans-Italic scale = 1.


Package fontspec Info: LibertinusSans-Italic scale = 1.


Package fontspec Info: LibertinusSans-Bold scale = 1.


Package fontspec Info: LibertinusSans-Bold scale = 1.


Package fontspec Info: Font family 'LibertinusSans(1)' created for font
(fontspec)             'LibertinusSans' with options [Extension =
(fontspec)             .otf,RawFeature = {+tnum;+lnum},Scale = 1,UprightFont =
(fontspec)             *-Regular,ItalicFont = *-Italic,ItalicFeatures = {
(fontspec)             SmallCapsFont = *-Italic },SlantedFont =
(fontspec)             *-Regular,SlantedFeatures= {FakeSlant=0.2},BoldFont =
(fontspec)             *-Bold,BoldFeatures = { SmallCapsFont = *-Bold
(fontspec)             },BoldItalicFont = *-Italic,BoldItalicFeatures =
(fontspec)             {RawFeature={embolden=3},SmallCapsFont = *-Italic
(fontspec)             },BoldSlantedFont= *-Bold,BoldSlantedFeatures =
(fontspec)             {FakeSlant=0.2, SmallCapsFont = *-Bold },SmallCapsFont
(fontspec)             = *-Regular,SmallCapsFeatures={Letters=SmallCaps}].
(fontspec)              
(fontspec)              This font family consists of the following NFSS
(fontspec)             series/shapes:
(fontspec)              
(fontspec)             - 'normal' (m/n) with NFSS spec.:
(fontspec)             <->s*[1]"[LibertinusSans-Regular.otf]/OT:script=latn;lan
guage=dflt;+tnum;+lnum;"
(fontspec)             - 'small caps'  (m/sc) with NFSS spec.:
(fontspec)             <->s*[1]"[LibertinusSans-Regular.otf]/OT:script=latn;lan
guage=dflt;+tnum;+lnum;+smcp;"
(fontspec)             - 'bold' (b/n) with NFSS spec.:
(fontspec)             <->s*[1]"[LibertinusSans-Bold.otf]/OT:script=latn;langua
ge=dflt;+tnum;+lnum;"
(fontspec)             - 'bold small caps'  (b/sc) with NFSS spec.:
(fontspec)             <->s*[1]"[LibertinusSans-Bold.otf]/OT:script=latn;langua
ge=dflt;+tnum;+lnum;+smcp;"
(fontspec)             - 'italic' (m/it) with NFSS spec.:
(fontspec)             <->s*[1]"[LibertinusSans-Italic.otf]/OT:script=latn;lang
uage=dflt;+tnum;+lnum;"
(fontspec)             - 'italic small caps'  (m/scit) with NFSS spec.:
(fontspec)             <->s*[1]"[LibertinusSans-Italic.otf]/OT:script=latn;lang
uage=dflt;+tnum;+lnum;+smcp;"
(fontspec)             - 'slanted' (m/sl) with NFSS spec.:
(fontspec)             <->s*[1]"[LibertinusSans-Regular.otf]/OT:script=latn;lan
guage=dflt;slant=0.2;+tnum;+lnum;"
(fontspec)             - 'slanted small caps'  (m/scsl) with NFSS spec.:
(fontspec)             <->s*[1]"[LibertinusSans-Regular.otf]/OT:script=latn;lan
guage=dflt;slant=0.2;+tnum;+lnum;+smcp;"
(fontspec)             - 'bold italic' (b/it) with NFSS spec.:
(fontspec)             <->s*[1]"[LibertinusSans-Italic.otf]/OT:script=latn;lang
uage=dflt;+tnum;+lnum;embolden=3;"
(fontspec)             - 'bold italic small caps'  (b/scit) with NFSS spec.:
(fontspec)             <->s*[1]"[LibertinusSans-Italic.otf]/OT:script=latn;lang
uage=dflt;+tnum;+lnum;embolden=3;+smcp;"
(fontspec)             - 'bold slanted' (b/sl) with NFSS spec.:
(fontspec)             <->s*[1]"[LibertinusSans-Bold.otf]/OT:script=latn;langua
ge=dflt;slant=0.2;+tnum;+lnum;"
(fontspec)             - 'bold slanted small caps'  (b/scsl) with NFSS spec.:
(fontspec)             <->s*[1]"[LibertinusSans-Bold.otf]/OT:script=latn;langua
ge=dflt;slant=0.2;+tnum;+lnum;+smcp;"

LaTeX Font Info:    Overwriting math alphabet `\mathsf' in version `normal'
(Font)                  OT1/cmss/m/n --> TU/LibertinusSans(1)/m/n on input line
 312.
LaTeX Font Info:    Overwriting math alphabet `\mathsf' in version `bold'
(Font)                  OT1/cmss/bx/n --> TU/LibertinusSans(1)/b/n on input lin
e 312.

Package fontspec Info: LibertinusSans-Regular scale = 1.


Package fontspec Info: LibertinusSans-Regular scale = 1.


Package fontspec Info: LibertinusSans-Regular scale = 1.


Package fontspec Info: LibertinusSans-Bold scale = 1.


Package fontspec Info: LibertinusSans-Bold scale = 1.


Package fontspec Info: LibertinusSans-Italic scale = 1.


Package fontspec Info: LibertinusSans-Italic scale = 1.


Package fontspec Info: LibertinusSans-Regular scale = 1.


Package fontspec Info: LibertinusSans-Regular scale = 1.


Package fontspec Info: LibertinusSans-Italic scale = 1.


Package fontspec Info: LibertinusSans-Regular scale = 1.


Package fontspec Info: LibertinusSans-Bold scale = 1.


Package fontspec Info: LibertinusSans-Bold scale = 1.


Package fontspec Info: Font family 'LibertinusSans(2)' created for font
(fontspec)             'LibertinusSans' with options [RawFeature =
(fontspec)             {+onum;+pnum},Scale = 1,UprightFont =
(fontspec)             *-Regular,ItalicFont = *-Italic,ItalicFeatures = {
(fontspec)             SmallCapsFont = *-Italic },SlantedFont =
(fontspec)             *-Regular,SlantedFeatures= {FakeSlant=0.2},BoldFont =
(fontspec)             *-Bold,BoldFeatures = { SmallCapsFont = *-Bold
(fontspec)             },BoldItalicFont = *-Italic,BoldItalicFeatures =
(fontspec)             {RawFeature={embolden=3}},BoldSlantedFont=
(fontspec)             *-Bold,BoldSlantedFeatures = {FakeSlant=0.2,
(fontspec)             SmallCapsFont = *-Bold },SmallCapsFont =
(fontspec)             *-Regular,SmallCapsFeatures={Letters=SmallCaps},Extensio
n
(fontspec)             = .otf].
(fontspec)              
(fontspec)              This font family consists of the following NFSS
(fontspec)             series/shapes:
(fontspec)              
(fontspec)             - 'normal' (m/n) with NFSS spec.:
(fontspec)             <->s*[1]"[LibertinusSans-Regular.otf]/OT:script=latn;lan
guage=dflt;+onum;+pnum;"
(fontspec)             - 'small caps'  (m/sc) with NFSS spec.:
(fontspec)             <->s*[1]"[LibertinusSans-Regular.otf]/OT:script=latn;lan
guage=dflt;+onum;+pnum;+smcp;"
(fontspec)             - 'bold' (b/n) with NFSS spec.:
(fontspec)             <->s*[1]"[LibertinusSans-Bold.otf]/OT:script=latn;langua
ge=dflt;+onum;+pnum;"
(fontspec)             - 'bold small caps'  (b/sc) with NFSS spec.:
(fontspec)             <->s*[1]"[LibertinusSans-Bold.otf]/OT:script=latn;langua
ge=dflt;+onum;+pnum;+smcp;"
(fontspec)             - 'italic' (m/it) with NFSS spec.:
(fontspec)             <->s*[1]"[LibertinusSans-Italic.otf]/OT:script=latn;lang
uage=dflt;+onum;+pnum;"
(fontspec)             - 'italic small caps'  (m/scit) with NFSS spec.:
(fontspec)             <->s*[1]"[LibertinusSans-Italic.otf]/OT:script=latn;lang
uage=dflt;+onum;+pnum;+smcp;"
(fontspec)             - 'slanted' (m/sl) with NFSS spec.:
(fontspec)             <->s*[1]"[LibertinusSans-Regular.otf]/OT:script=latn;lan
guage=dflt;slant=0.2;+onum;+pnum;"
(fontspec)             - 'slanted small caps'  (m/scsl) with NFSS spec.:
(fontspec)             <->s*[1]"[LibertinusSans-Regular.otf]/OT:script=latn;lan
guage=dflt;slant=0.2;+onum;+pnum;+smcp;"
(fontspec)             - 'bold italic' (b/it) with NFSS spec.:
(fontspec)             <->s*[1]"[LibertinusSans-Italic.otf]/OT:script=latn;lang
uage=dflt;+onum;+pnum;embolden=3;"
(fontspec)             - 'bold italic small caps'  (b/scit) with NFSS spec.:
(fontspec)             <->s*[1]"[LibertinusSans-Regular.otf]/OT:script=latn;lan
guage=dflt;+onum;+pnum;embolden=3;+smcp;"
(fontspec)             - 'bold slanted' (b/sl) with NFSS spec.:
(fontspec)             <->s*[1]"[LibertinusSans-Bold.otf]/OT:script=latn;langua
ge=dflt;slant=0.2;+onum;+pnum;"
(fontspec)             - 'bold slanted small caps'  (b/scsl) with NFSS spec.:
(fontspec)             <->s*[1]"[LibertinusSans-Bold.otf]/OT:script=latn;langua
ge=dflt;slant=0.2;+onum;+pnum;+smcp;"


Package fontspec Info: LibertinusSans-Regular scale = 1.


Package fontspec Info: LibertinusSans-Regular scale = 1.


Package fontspec Info: LibertinusSans-Regular scale = 1.


Package fontspec Info: LibertinusSans-Bold scale = 1.


Package fontspec Info: LibertinusSans-Bold scale = 1.


Package fontspec Info: LibertinusSans-Italic scale = 1.


Package fontspec Info: LibertinusSans-Italic scale = 1.


Package fontspec Info: LibertinusSans-Regular scale = 1.


Package fontspec Info: LibertinusSans-Regular scale = 1.


Package fontspec Info: LibertinusSans-Italic scale = 1.


Package fontspec Info: LibertinusSans-Regular scale = 1.


Package fontspec Info: LibertinusSans-Bold scale = 1.


Package fontspec Info: LibertinusSans-Bold scale = 1.


Package fontspec Info: Font family 'LibertinusSans(3)' created for font
(fontspec)             'LibertinusSans' with options [RawFeature =
(fontspec)             {+lnum;-onum;+tnum},Scale = 1,UprightFont =
(fontspec)             *-Regular,ItalicFont = *-Italic,ItalicFeatures = {
(fontspec)             SmallCapsFont = *-Italic },SlantedFont =
(fontspec)             *-Regular,SlantedFeatures= {FakeSlant=0.2},BoldFont =
(fontspec)             *-Bold,BoldFeatures = { SmallCapsFont = *-Bold
(fontspec)             },BoldItalicFont = *-Italic,BoldItalicFeatures =
(fontspec)             {RawFeature={embolden=3}},BoldSlantedFont=
(fontspec)             *-Bold,BoldSlantedFeatures = {FakeSlant=0.2,
(fontspec)             SmallCapsFont = *-Bold },SmallCapsFont =
(fontspec)             *-Regular,SmallCapsFeatures={Letters=SmallCaps},Extensio
n
(fontspec)             = .otf].
(fontspec)              
(fontspec)              This font family consists of the following NFSS
(fontspec)             series/shapes:
(fontspec)              
(fontspec)             - 'normal' (m/n) with NFSS spec.:
(fontspec)             <->s*[1]"[LibertinusSans-Regular.otf]/OT:script=latn;lan
guage=dflt;+lnum;-onum;+tnum;"
(fontspec)             - 'small caps'  (m/sc) with NFSS spec.:
(fontspec)             <->s*[1]"[LibertinusSans-Regular.otf]/OT:script=latn;lan
guage=dflt;+lnum;-onum;+tnum;+smcp;"
(fontspec)             - 'bold' (b/n) with NFSS spec.:
(fontspec)             <->s*[1]"[LibertinusSans-Bold.otf]/OT:script=latn;langua
ge=dflt;+lnum;-onum;+tnum;"
(fontspec)             - 'bold small caps'  (b/sc) with NFSS spec.:
(fontspec)             <->s*[1]"[LibertinusSans-Bold.otf]/OT:script=latn;langua
ge=dflt;+lnum;-onum;+tnum;+smcp;"
(fontspec)             - 'italic' (m/it) with NFSS spec.:
(fontspec)             <->s*[1]"[LibertinusSans-Italic.otf]/OT:script=latn;lang
uage=dflt;+lnum;-onum;+tnum;"
(fontspec)             - 'italic small caps'  (m/scit) with NFSS spec.:
(fontspec)             <->s*[1]"[LibertinusSans-Italic.otf]/OT:script=latn;lang
uage=dflt;+lnum;-onum;+tnum;+smcp;"
(fontspec)             - 'slanted' (m/sl) with NFSS spec.:
(fontspec)             <->s*[1]"[LibertinusSans-Regular.otf]/OT:script=latn;lan
guage=dflt;slant=0.2;+lnum;-onum;+tnum;"
(fontspec)             - 'slanted small caps'  (m/scsl) with NFSS spec.:
(fontspec)             <->s*[1]"[LibertinusSans-Regular.otf]/OT:script=latn;lan
guage=dflt;slant=0.2;+lnum;-onum;+tnum;+smcp;"
(fontspec)             - 'bold italic' (b/it) with NFSS spec.:
(fontspec)             <->s*[1]"[LibertinusSans-Italic.otf]/OT:script=latn;lang
uage=dflt;+lnum;-onum;+tnum;embolden=3;"
(fontspec)             - 'bold italic small caps'  (b/scit) with NFSS spec.:
(fontspec)             <->s*[1]"[LibertinusSans-Regular.otf]/OT:script=latn;lan
guage=dflt;+lnum;-onum;+tnum;embolden=3;+smcp;"
(fontspec)             - 'bold slanted' (b/sl) with NFSS spec.:
(fontspec)             <->s*[1]"[LibertinusSans-Bold.otf]/OT:script=latn;langua
ge=dflt;slant=0.2;+lnum;-onum;+tnum;"
(fontspec)             - 'bold slanted small caps'  (b/scsl) with NFSS spec.:
(fontspec)             <->s*[1]"[LibertinusSans-Bold.otf]/OT:script=latn;langua
ge=dflt;slant=0.2;+lnum;-onum;+tnum;+smcp;"

Requested font "[LibertinusMono-Regular.otf]/OT" at 11.99997pt
 -> /usr/local/texlive/2024/texmf-dist/fonts/opentype/public/libertinus-fonts/L
ibertinusMono-Regular.otf
Requested font "[LibertinusMono-Regular.otf]/OT" at 12.00003pt
 -> /usr/local/texlive/2024/texmf-dist/fonts/opentype/public/libertinus-fonts/L
ibertinusMono-Regular.otf

Package fontspec Info: LibertinusMono-Regular scale = 0.8666632415839297.

Requested font "[LibertinusMono-Regular.otf]/OT:script=latn;language=dflt;" at 
12.00003pt
 -> /usr/local/texlive/2024/texmf-dist/fonts/opentype/public/libertinus-fonts/L
ibertinusMono-Regular.otf

Package fontspec Info: LibertinusMono-Regular scale = 0.8666632415839297.


Package fontspec Info: LibertinusMono-Regular scale = 0.8666632415839297.


Package fontspec Info: LibertinusMono-Regular scale = 0.8666632415839297.


Package fontspec Info: LibertinusMono-Regular scale = 0.8666632415839297.


Package fontspec Info: LibertinusMono-Regular scale = 0.8666632415839297.


Package fontspec Info: Font family 'LibertinusMono(0)' created for font
(fontspec)             'LibertinusMono' with options
(fontspec)             [WordSpace={1,0,0},HyphenChar=None,PunctuationSpace=Word
Space,RawFeature
(fontspec)             = {+tnum; +lnum},Scale = MatchLowercase,FakeStretch =
(fontspec)             0.9,UprightFont = *-Regular,ItalicFont =
(fontspec)             *-Regular,ItalicFeatures = {FakeSlant=0.2},SlantedFont
(fontspec)             = *-Regular,SlantedFeatures= {FakeSlant=0.2},BoldFont =
(fontspec)             *-Regular,BoldFeatures =
(fontspec)             {RawFeature={embolden=3}},BoldItalicFont =
(fontspec)             *-Regular,BoldItalicFeatures={FakeSlant=0.2,RawFeature={
embolden=3}},Extension
(fontspec)             = .otf].
(fontspec)              
(fontspec)              This font family consists of the following NFSS
(fontspec)             series/shapes:
(fontspec)              
(fontspec)             - 'normal' (m/n) with NFSS spec.:
(fontspec)             <->s*[0.8666632415839297]"[LibertinusMono-Regular.otf]/O
T:script=latn;language=dflt;extend=0.9;+tnum;
(fontspec)             +lnum;"
(fontspec)             - 'small caps'  (m/sc) with NFSS spec.: 
(fontspec)             and font adjustment code:
(fontspec)             \fontdimen 2\font =1\fontdimen 2\font \fontdimen 3\font
(fontspec)             =0\fontdimen 3\font \fontdimen 4\font =0\fontdimen
(fontspec)             4\font \fontdimen 7\font =0\fontdimen 2\font
(fontspec)             \tex_hyphenchar:D \font =-1\scan_stop: 
(fontspec)             - 'bold' (b/n) with NFSS spec.:
(fontspec)             <->s*[0.8666632415839297]"[LibertinusMono-Regular.otf]/O
T:script=latn;language=dflt;extend=0.9;+tnum;
(fontspec)             +lnum;embolden=3;"
(fontspec)             - 'bold small caps'  (b/sc) with NFSS spec.: 
(fontspec)             and font adjustment code:
(fontspec)             \fontdimen 2\font =1\fontdimen 2\font \fontdimen 3\font
(fontspec)             =0\fontdimen 3\font \fontdimen 4\font =0\fontdimen
(fontspec)             4\font \fontdimen 7\font =0\fontdimen 2\font
(fontspec)             \tex_hyphenchar:D \font =-1\scan_stop: 
(fontspec)             - 'italic' (m/it) with NFSS spec.:
(fontspec)             <->s*[0.8666632415839297]"[LibertinusMono-Regular.otf]/O
T:script=latn;language=dflt;extend=0.9;slant=0.2;+tnum;
(fontspec)             +lnum;"
(fontspec)             - 'italic small caps'  (m/scit) with NFSS spec.: 
(fontspec)             and font adjustment code:
(fontspec)             \fontdimen 2\font =1\fontdimen 2\font \fontdimen 3\font
(fontspec)             =0\fontdimen 3\font \fontdimen 4\font =0\fontdimen
(fontspec)             4\font \fontdimen 7\font =0\fontdimen 2\font
(fontspec)             \tex_hyphenchar:D \font =-1\scan_stop: 
(fontspec)             - 'slanted' (m/sl) with NFSS spec.:
(fontspec)             <->s*[0.8666632415839297]"[LibertinusMono-Regular.otf]/O
T:script=latn;language=dflt;extend=0.9;slant=0.2;+tnum;
(fontspec)             +lnum;"
(fontspec)             - 'slanted small caps'  (m/scsl) with NFSS spec.: 
(fontspec)             and font adjustment code:
(fontspec)             \fontdimen 2\font =1\fontdimen 2\font \fontdimen 3\font
(fontspec)             =0\fontdimen 3\font \fontdimen 4\font =0\fontdimen
(fontspec)             4\font \fontdimen 7\font =0\fontdimen 2\font
(fontspec)             \tex_hyphenchar:D \font =-1\scan_stop: 
(fontspec)             - 'bold italic' (b/it) with NFSS spec.:
(fontspec)             <->s*[0.8666632415839297]"[LibertinusMono-Regular.otf]/O
T:script=latn;language=dflt;extend=0.9;slant=0.2;+tnum;
(fontspec)             +lnum;embolden=3;"
(fontspec)             - 'bold italic small caps'  (b/scit) with NFSS spec.: 
(fontspec)             and font adjustment code:
(fontspec)             \fontdimen 2\font =1\fontdimen 2\font \fontdimen 3\font
(fontspec)             =0\fontdimen 3\font \fontdimen 4\font =0\fontdimen
(fontspec)             4\font \fontdimen 7\font =0\fontdimen 2\font
(fontspec)             \tex_hyphenchar:D \font =-1\scan_stop: 


Package fontspec Info: LibertinusMono-Regular scale = 0.8666632415839297.


Package fontspec Info: LibertinusMono-Regular scale = 0.8666632415839297.


Package fontspec Info: LibertinusMono-Regular scale = 0.8666632415839297.


Package fontspec Info: LibertinusMono-Regular scale = 0.8666632415839297.


Package fontspec Info: LibertinusMono-Regular scale = 0.8666632415839297.


Package fontspec Info: LibertinusMono-Regular scale = 0.8666632415839297.


Package fontspec Info: Font family 'LibertinusMono(1)' created for font
(fontspec)             'LibertinusMono' with options [RawFeature = {+tnum;
(fontspec)             +lnum},Scale = MatchLowercase,FakeStretch =
(fontspec)             0.9,UprightFont = *-Regular,ItalicFont =
(fontspec)             *-Regular,ItalicFeatures = {FakeSlant=0.2},SlantedFont
(fontspec)             = *-Regular,SlantedFeatures= {FakeSlant=0.2},BoldFont =
(fontspec)             *-Regular,BoldFeatures =
(fontspec)             {RawFeature={embolden=3}},BoldItalicFont =
(fontspec)             *-Regular,BoldItalicFeatures={FakeSlant=0.2,RawFeature={
embolden=3}},Extension
(fontspec)             = .otf].
(fontspec)              
(fontspec)              This font family consists of the following NFSS
(fontspec)             series/shapes:
(fontspec)              
(fontspec)             - 'normal' (m/n) with NFSS spec.:
(fontspec)             <->s*[0.8666632415839297]"[LibertinusMono-Regular.otf]/O
T:script=latn;language=dflt;extend=0.9;+tnum;
(fontspec)             +lnum;"
(fontspec)             - 'small caps'  (m/sc) with NFSS spec.: 
(fontspec)             - 'bold' (b/n) with NFSS spec.:
(fontspec)             <->s*[0.8666632415839297]"[LibertinusMono-Regular.otf]/O
T:script=latn;language=dflt;extend=0.9;+tnum;
(fontspec)             +lnum;embolden=3;"
(fontspec)             - 'bold small caps'  (b/sc) with NFSS spec.: 
(fontspec)             - 'italic' (m/it) with NFSS spec.:
(fontspec)             <->s*[0.8666632415839297]"[LibertinusMono-Regular.otf]/O
T:script=latn;language=dflt;extend=0.9;slant=0.2;+tnum;
(fontspec)             +lnum;"
(fontspec)             - 'italic small caps'  (m/scit) with NFSS spec.: 
(fontspec)             - 'slanted' (m/sl) with NFSS spec.:
(fontspec)             <->s*[0.8666632415839297]"[LibertinusMono-Regular.otf]/O
T:script=latn;language=dflt;extend=0.9;slant=0.2;+tnum;
(fontspec)             +lnum;"
(fontspec)             - 'slanted small caps'  (m/scsl) with NFSS spec.: 
(fontspec)             - 'bold italic' (b/it) with NFSS spec.:
(fontspec)             <->s*[0.8666632415839297]"[LibertinusMono-Regular.otf]/O
T:script=latn;language=dflt;extend=0.9;slant=0.2;+tnum;
(fontspec)             +lnum;embolden=3;"
(fontspec)             - 'bold italic small caps'  (b/scit) with NFSS spec.: 

LaTeX Font Info:    Overwriting math alphabet `\mathtt' in version `normal'
(Font)                  OT1/cmtt/m/n --> TU/LibertinusMono(1)/m/n on input line
 369.
LaTeX Font Info:    Overwriting math alphabet `\mathtt' in version `bold'
(Font)                  OT1/cmtt/m/n --> TU/LibertinusMono(1)/b/n on input line
 369.

*************************************
* Using libertinus math *
*************************************
Requested font "[LibertinusMath-Regular.otf]/OT" at 11.99997pt
 -> /usr/local/texlive/2024/texmf-dist/fonts/opentype/public/libertinus-fonts/L
ibertinusMath-Regular.otf
Requested font "[LibertinusMath-Regular.otf]/OT" at 12.00003pt
 -> /usr/local/texlive/2024/texmf-dist/fonts/opentype/public/libertinus-fonts/L
ibertinusMath-Regular.otf
Requested font "[LibertinusMath-Regular.otf]/OT:script=math;language=dflt;" at 
12.00003pt
 -> /usr/local/texlive/2024/texmf-dist/fonts/opentype/public/libertinus-fonts/L
ibertinusMath-Regular.otf

Package fontspec Info: Font family 'LibertinusMath-Regular.otf(0)' created for
(fontspec)             font 'LibertinusMath-Regular.otf' with options
(fontspec)             [BoldItalicFont={},ItalicFont={},SmallCapsFont={},Script
=Math].
(fontspec)              
(fontspec)              This font family consists of the following NFSS
(fontspec)             series/shapes:
(fontspec)              
(fontspec)             - 'normal' (m/n) with NFSS spec.:
(fontspec)             <->"[LibertinusMath-Regular.otf]/OT:script=math;language
=dflt;"
(fontspec)             - 'small caps'  (m/sc) with NFSS spec.: 

Requested font "[LibertinusMath-Regular.otf]/OT:script=math;language=dflt;" at 
12.0pt
 -> /usr/local/texlive/2024/texmf-dist/fonts/opentype/public/libertinus-fonts/L
ibertinusMath-Regular.otf

Package fontspec Info: Font family 'LibertinusMath-Regular.otf(1)' created for
(fontspec)             font 'LibertinusMath-Regular.otf' with options
(fontspec)             [BoldItalicFont={},ItalicFont={},SmallCapsFont={},Script
=Math,SizeFeatures={{Size=10.8-},{Size=8.4-10.8,Font=LibertinusMath-Regular.otf
,Style=MathScript},{Size=-8.4,Font=LibertinusMath-Regular.otf,Style=MathScriptS
cript}}].
(fontspec)              
(fontspec)              This font family consists of the following NFSS
(fontspec)             series/shapes:
(fontspec)              
(fontspec)             - 'normal' (m/n) with NFSS spec.:
(fontspec)             <10.8->"[LibertinusMath-Regular.otf]/OT:script=math;lang
uage=dflt;"<8.4-10.8>"[LibertinusMath-Regular.otf]/OT:script=math;language=dflt
;+ssty=0;"<-8.4>"[LibertinusMath-Regular.otf]/OT:script=math;language=dflt;+sst
y=1;"
(fontspec)             - 'small caps'  (m/sc) with NFSS spec.: 

LaTeX Font Info:    Encoding `OT1' has changed to `TU' for symbol font
(Font)              `operators' in the math version `normal' on input line 377.

LaTeX Font Info:    Overwriting symbol font `operators' in version `normal'
(Font)                  OT1/cmr/m/n --> TU/LibertinusMath-Regular.otf(1)/m/n on
 input line 377.
LaTeX Font Info:    Encoding `OT1' has changed to `TU' for symbol font
(Font)              `operators' in the math version `bold' on input line 377.
LaTeX Font Info:    Overwriting symbol font `operators' in version `bold'
(Font)                  OT1/cmr/bx/n --> TU/LibertinusMath-Regular.otf(1)/b/n o
n input line 377.

Package fontspec Info: LibertinusMath-Regular scale = 1.0001.


Package fontspec Info: LibertinusMath-Regular scale = 1.0001.


Package fontspec Info: LibertinusMath-Regular scale = 1.0001.


Package fontspec Info: LibertinusMath-Regular scale = 1.0001.


Package fontspec Info: Font family 'LibertinusMath-Regular.otf(2)' created for
(fontspec)             font 'LibertinusMath-Regular.otf' with options
(fontspec)             [BoldItalicFont={},ItalicFont={},SmallCapsFont={},Script
=Math,SizeFeatures={{Size=10.8-},{Size=8.4-10.8,Font=LibertinusMath-Regular.otf
,Style=MathScript},{Size=-8.4,Font=LibertinusMath-Regular.otf,Style=MathScriptS
cript}},ScaleAgain=1.0001,FontAdjustment={\fontdimen
(fontspec)             8\font =6.96pt\relax \fontdimen 9\font =5.76pt\relax
(fontspec)             \fontdimen 10\font =5.64pt\relax \fontdimen 11\font
(fontspec)             =8.4pt\relax \fontdimen 12\font =5.76pt\relax
(fontspec)             \fontdimen 13\font =4.5pt\relax \fontdimen 14\font
(fontspec)             =4.5pt\relax \fontdimen 15\font =3.72pt\relax
(fontspec)             \fontdimen 16\font =2.52pt\relax \fontdimen 17\font
(fontspec)             =2.52pt\relax \fontdimen 18\font =2.76pt\relax
(fontspec)             \fontdimen 19\font =0.54pt\relax \fontdimen 22\font
(fontspec)             =3.12pt\relax \fontdimen 20\font =0pt\relax \fontdimen
(fontspec)             21\font =0pt\relax }].
(fontspec)              
(fontspec)              This font family consists of the following NFSS
(fontspec)             series/shapes:
(fontspec)              
(fontspec)             - 'normal' (m/n) with NFSS spec.:
(fontspec)             <10.8->s*[1.0001]"[LibertinusMath-Regular.otf]/OT:script
=math;language=dflt;"<8.4-10.8>s*[1.0001]"[LibertinusMath-Regular.otf]/OT:scrip
t=math;language=dflt;+ssty=0;"<-8.4>s*[1.0001]"[LibertinusMath-Regular.otf]/OT:
script=math;language=dflt;+ssty=1;"
(fontspec)             - 'small caps'  (m/sc) with NFSS spec.: 
(fontspec)             and font adjustment code:
(fontspec)             \fontdimen 8\font =6.96pt\relax \fontdimen 9\font
(fontspec)             =5.76pt\relax \fontdimen 10\font =5.64pt\relax
(fontspec)             \fontdimen 11\font =8.4pt\relax \fontdimen 12\font
(fontspec)             =5.76pt\relax \fontdimen 13\font =4.5pt\relax
(fontspec)             \fontdimen 14\font =4.5pt\relax \fontdimen 15\font
(fontspec)             =3.72pt\relax \fontdimen 16\font =2.52pt\relax
(fontspec)             \fontdimen 17\font =2.52pt\relax \fontdimen 18\font
(fontspec)             =2.76pt\relax \fontdimen 19\font =0.54pt\relax
(fontspec)             \fontdimen 22\font =3.12pt\relax \fontdimen 20\font
(fontspec)             =0pt\relax \fontdimen 21\font =0pt\relax 

LaTeX Font Info:    Encoding `OMS' has changed to `TU' for symbol font
(Font)              `symbols' in the math version `normal' on input line 377.
LaTeX Font Info:    Overwriting symbol font `symbols' in version `normal'
(Font)                  OMS/cmsy/m/n --> TU/LibertinusMath-Regular.otf(2)/m/n o
n input line 377.
LaTeX Font Info:    Encoding `OMS' has changed to `TU' for symbol font
(Font)              `symbols' in the math version `bold' on input line 377.
LaTeX Font Info:    Overwriting symbol font `symbols' in version `bold'
(Font)                  OMS/cmsy/b/n --> TU/LibertinusMath-Regular.otf(2)/b/n o
n input line 377.

Package fontspec Info: LibertinusMath-Regular scale = 0.9999.


Package fontspec Info: LibertinusMath-Regular scale = 0.9999.


Package fontspec Info: LibertinusMath-Regular scale = 0.9999.


Package fontspec Info: LibertinusMath-Regular scale = 0.9999.


Package fontspec Info: Font family 'LibertinusMath-Regular.otf(3)' created for
(fontspec)             font 'LibertinusMath-Regular.otf' with options
(fontspec)             [BoldItalicFont={},ItalicFont={},SmallCapsFont={},Script
=Math,SizeFeatures={{Size=10.8-},{Size=8.4-10.8,Font=LibertinusMath-Regular.otf
,Style=MathScript},{Size=-8.4,Font=LibertinusMath-Regular.otf,Style=MathScriptS
cript}},ScaleAgain=0.9999,FontAdjustment={\fontdimen
(fontspec)             8\font =0.78pt\relax \fontdimen 9\font =1.8pt\relax
(fontspec)             \fontdimen 10\font =1.8pt\relax \fontdimen 11\font
(fontspec)             =3.0pt\relax \fontdimen 12\font =7.44pt\relax
(fontspec)             \fontdimen 13\font =0pt\relax }].
(fontspec)              
(fontspec)              This font family consists of the following NFSS
(fontspec)             series/shapes:
(fontspec)              
(fontspec)             - 'normal' (m/n) with NFSS spec.:
(fontspec)             <10.8->s*[0.9999]"[LibertinusMath-Regular.otf]/OT:script
=math;language=dflt;"<8.4-10.8>s*[0.9999]"[LibertinusMath-Regular.otf]/OT:scrip
t=math;language=dflt;+ssty=0;"<-8.4>s*[0.9999]"[LibertinusMath-Regular.otf]/OT:
script=math;language=dflt;+ssty=1;"
(fontspec)             - 'small caps'  (m/sc) with NFSS spec.: 
(fontspec)             and font adjustment code:
(fontspec)             \fontdimen 8\font =0.78pt\relax \fontdimen 9\font
(fontspec)             =1.8pt\relax \fontdimen 10\font =1.8pt\relax \fontdimen
(fontspec)             11\font =3.0pt\relax \fontdimen 12\font =7.44pt\relax
(fontspec)             \fontdimen 13\font =0pt\relax 

LaTeX Font Info:    Encoding `OMX' has changed to `TU' for symbol font
(Font)              `largesymbols' in the math version `normal' on input line 3
77.
LaTeX Font Info:    Overwriting symbol font `largesymbols' in version `normal'
(Font)                  OMX/cmex/m/n --> TU/LibertinusMath-Regular.otf(3)/m/n o
n input line 377.
LaTeX Font Info:    Encoding `OMX' has changed to `TU' for symbol font
(Font)              `largesymbols' in the math version `bold' on input line 377
.
LaTeX Font Info:    Overwriting symbol font `largesymbols' in version `bold'
(Font)                  OMX/cmex/m/n --> TU/LibertinusMath-Regular.otf(3)/b/n o
n input line 377.
LaTeX Font Info:    Redeclaring math version `bold' on input line 379.

Package fontspec Info: Font family 'LibertinusMath-Regular.otf(4)' created for
(fontspec)             font 'LibertinusMath-Regular.otf' with options
(fontspec)             [BoldItalicFont={},ItalicFont={},SmallCapsFont={},Script
=Math,RawFeature={embolden=3}].
(fontspec)              
(fontspec)              This font family consists of the following NFSS
(fontspec)             series/shapes:
(fontspec)              
(fontspec)             - 'normal' (m/n) with NFSS spec.:
(fontspec)             <->"[LibertinusMath-Regular.otf]/OT:script=math;language
=dflt;embolden=3;"
(fontspec)             - 'small caps'  (m/sc) with NFSS spec.: 

Requested font "[LibertinusMath-Regular.otf]/OT:script=math;language=dflt;embol
den=3;" at 12.0pt
 -> /usr/local/texlive/2024/texmf-dist/fonts/opentype/public/libertinus-fonts/L
ibertinusMath-Regular.otf

Package fontspec Info: Font family 'LibertinusMath-Regular.otf(5)' created for
(fontspec)             font 'LibertinusMath-Regular.otf' with options
(fontspec)             [BoldItalicFont={},ItalicFont={},SmallCapsFont={},Script
=Math,SizeFeatures={{Size=10.8-},{Size=8.4-10.8,Font=LibertinusMath-Regular.otf
,Style=MathScript},{Size=-8.4,Font=LibertinusMath-Regular.otf,Style=MathScriptS
cript}},RawFeature={embolden=3}].
(fontspec)              
(fontspec)              This font family consists of the following NFSS
(fontspec)             series/shapes:
(fontspec)              
(fontspec)             - 'normal' (m/n) with NFSS spec.:
(fontspec)             <10.8->"[LibertinusMath-Regular.otf]/OT:script=math;lang
uage=dflt;embolden=3;"<8.4-10.8>"[LibertinusMath-Regular.otf]/OT:script=math;la
nguage=dflt;embolden=3;+ssty=0;"<-8.4>"[LibertinusMath-Regular.otf]/OT:script=m
ath;language=dflt;embolden=3;+ssty=1;"
(fontspec)             - 'small caps'  (m/sc) with NFSS spec.: 

LaTeX Font Info:    Encoding `OT1' has changed to `TU' for symbol font
(Font)              `operators' in the math version `bold' on input line 379.
LaTeX Font Info:    Overwriting symbol font `operators' in version `bold'
(Font)                  OT1/cmr/m/n --> TU/LibertinusMath-Regular.otf(5)/m/n on
 input line 379.

Package fontspec Info: LibertinusMath-Regular scale = 1.0001.


Package fontspec Info: LibertinusMath-Regular scale = 1.0001.


Package fontspec Info: LibertinusMath-Regular scale = 1.0001.


Package fontspec Info: LibertinusMath-Regular scale = 1.0001.


Package fontspec Info: Font family 'LibertinusMath-Regular.otf(6)' created for
(fontspec)             font 'LibertinusMath-Regular.otf' with options
(fontspec)             [BoldItalicFont={},ItalicFont={},SmallCapsFont={},Script
=Math,SizeFeatures={{Size=10.8-},{Size=8.4-10.8,Font=LibertinusMath-Regular.otf
,Style=MathScript},{Size=-8.4,Font=LibertinusMath-Regular.otf,Style=MathScriptS
cript}},RawFeature={embolden=3},ScaleAgain=1.0001,FontAdjustment={\fontdimen
(fontspec)             8\font =6.96pt\relax \fontdimen 9\font =5.76pt\relax
(fontspec)             \fontdimen 10\font =5.64pt\relax \fontdimen 11\font
(fontspec)             =8.4pt\relax \fontdimen 12\font =5.76pt\relax
(fontspec)             \fontdimen 13\font =4.5pt\relax \fontdimen 14\font
(fontspec)             =4.5pt\relax \fontdimen 15\font =3.72pt\relax
(fontspec)             \fontdimen 16\font =2.52pt\relax \fontdimen 17\font
(fontspec)             =2.52pt\relax \fontdimen 18\font =2.76pt\relax
(fontspec)             \fontdimen 19\font =0.54pt\relax \fontdimen 22\font
(fontspec)             =3.12pt\relax \fontdimen 20\font =0pt\relax \fontdimen
(fontspec)             21\font =0pt\relax }].
(fontspec)              
(fontspec)              This font family consists of the following NFSS
(fontspec)             series/shapes:
(fontspec)              
(fontspec)             - 'normal' (m/n) with NFSS spec.:
(fontspec)             <10.8->s*[1.0001]"[LibertinusMath-Regular.otf]/OT:script
=math;language=dflt;embolden=3;"<8.4-10.8>s*[1.0001]"[LibertinusMath-Regular.ot
f]/OT:script=math;language=dflt;embolden=3;+ssty=0;"<-8.4>s*[1.0001]"[Libertinu
sMath-Regular.otf]/OT:script=math;language=dflt;embolden=3;+ssty=1;"
(fontspec)             - 'small caps'  (m/sc) with NFSS spec.: 
(fontspec)             and font adjustment code:
(fontspec)             \fontdimen 8\font =6.96pt\relax \fontdimen 9\font
(fontspec)             =5.76pt\relax \fontdimen 10\font =5.64pt\relax
(fontspec)             \fontdimen 11\font =8.4pt\relax \fontdimen 12\font
(fontspec)             =5.76pt\relax \fontdimen 13\font =4.5pt\relax
(fontspec)             \fontdimen 14\font =4.5pt\relax \fontdimen 15\font
(fontspec)             =3.72pt\relax \fontdimen 16\font =2.52pt\relax
(fontspec)             \fontdimen 17\font =2.52pt\relax \fontdimen 18\font
(fontspec)             =2.76pt\relax \fontdimen 19\font =0.54pt\relax
(fontspec)             \fontdimen 22\font =3.12pt\relax \fontdimen 20\font
(fontspec)             =0pt\relax \fontdimen 21\font =0pt\relax 

LaTeX Font Info:    Encoding `OMS' has changed to `TU' for symbol font
(Font)              `symbols' in the math version `bold' on input line 379.
LaTeX Font Info:    Overwriting symbol font `symbols' in version `bold'
(Font)                  OMS/cmsy/m/n --> TU/LibertinusMath-Regular.otf(6)/m/n o
n input line 379.

Package fontspec Info: LibertinusMath-Regular scale = 0.9999.


Package fontspec Info: LibertinusMath-Regular scale = 0.9999.


Package fontspec Info: LibertinusMath-Regular scale = 0.9999.


Package fontspec Info: LibertinusMath-Regular scale = 0.9999.


Package fontspec Info: Font family 'LibertinusMath-Regular.otf(7)' created for
(fontspec)             font 'LibertinusMath-Regular.otf' with options
(fontspec)             [BoldItalicFont={},ItalicFont={},SmallCapsFont={},Script
=Math,SizeFeatures={{Size=10.8-},{Size=8.4-10.8,Font=LibertinusMath-Regular.otf
,Style=MathScript},{Size=-8.4,Font=LibertinusMath-Regular.otf,Style=MathScriptS
cript}},RawFeature={embolden=3},ScaleAgain=0.9999,FontAdjustment={\fontdimen
(fontspec)             8\font =0.78pt\relax \fontdimen 9\font =1.8pt\relax
(fontspec)             \fontdimen 10\font =1.8pt\relax \fontdimen 11\font
(fontspec)             =3.0pt\relax \fontdimen 12\font =7.44pt\relax
(fontspec)             \fontdimen 13\font =0pt\relax }].
(fontspec)              
(fontspec)              This font family consists of the following NFSS
(fontspec)             series/shapes:
(fontspec)              
(fontspec)             - 'normal' (m/n) with NFSS spec.:
(fontspec)             <10.8->s*[0.9999]"[LibertinusMath-Regular.otf]/OT:script
=math;language=dflt;embolden=3;"<8.4-10.8>s*[0.9999]"[LibertinusMath-Regular.ot
f]/OT:script=math;language=dflt;embolden=3;+ssty=0;"<-8.4>s*[0.9999]"[Libertinu
sMath-Regular.otf]/OT:script=math;language=dflt;embolden=3;+ssty=1;"
(fontspec)             - 'small caps'  (m/sc) with NFSS spec.: 
(fontspec)             and font adjustment code:
(fontspec)             \fontdimen 8\font =0.78pt\relax \fontdimen 9\font
(fontspec)             =1.8pt\relax \fontdimen 10\font =1.8pt\relax \fontdimen
(fontspec)             11\font =3.0pt\relax \fontdimen 12\font =7.44pt\relax
(fontspec)             \fontdimen 13\font =0pt\relax 

LaTeX Font Info:    Encoding `OMX' has changed to `TU' for symbol font
(Font)              `largesymbols' in the math version `bold' on input line 379
.
LaTeX Font Info:    Overwriting symbol font `largesymbols' in version `bold'
(Font)                  OMX/cmex/m/n --> TU/LibertinusMath-Regular.otf(7)/m/n o
n input line 379.
Requested font "[LinBiolinum_K.otf]" scaled 1000
 -> /usr/local/texlive/2024/texmf-dist/fonts/opentype/public/libertine/LinBioli
num_K.otf
Requested font "[LibertinusKeyboard-Regular.otf]" scaled 1000
 -> /usr/local/texlive/2024/texmf-dist/fonts/opentype/public/libertinus-fonts/L
ibertinusKeyboard-Regular.otf
Requested font "[LibertinusSerifDisplay-Regular.otf]/OT" at 11.99997pt
 -> /usr/local/texlive/2024/texmf-dist/fonts/opentype/public/libertinus-fonts/L
ibertinusSerifDisplay-Regular.otf
Requested font "[LibertinusSerifDisplay-Regular.otf]/OT" at 12.00003pt
 -> /usr/local/texlive/2024/texmf-dist/fonts/opentype/public/libertinus-fonts/L
ibertinusSerifDisplay-Regular.otf
Requested font "[LibertinusSerifDisplay-Regular.otf]/OT:script=latn;language=df
lt;" at 12.00003pt
 -> /usr/local/texlive/2024/texmf-dist/fonts/opentype/public/libertinus-fonts/L
ibertinusSerifDisplay-Regular.otf

Package fontspec Info: Font family 'LibertinusSerifDisplay-Regular.otf(0)'
(fontspec)             created for font 'LibertinusSerifDisplay-Regular.otf'
(fontspec)             with options [].
(fontspec)              
(fontspec)              This font family consists of the following NFSS
(fontspec)             series/shapes:
(fontspec)              
(fontspec)             - 'normal' (m/n) with NFSS spec.:
(fontspec)             <->"[LibertinusSerifDisplay-Regular.otf]/OT:script=latn;
language=dflt;"
(fontspec)             - 'small caps'  (m/sc) with NFSS spec.: 

Requested font "[LibertinusSerifInitials-Regular.otf]/OT" at 11.99997pt
 -> /usr/local/texlive/2024/texmf-dist/fonts/opentype/public/libertinus-fonts/L
ibertinusSerifInitials-Regular.otf
Requested font "[LibertinusSerifInitials-Regular.otf]/OT" at 12.00003pt
 -> /usr/local/texlive/2024/texmf-dist/fonts/opentype/public/libertinus-fonts/L
ibertinusSerifInitials-Regular.otf
Requested font "[LibertinusSerifInitials-Regular.otf]/OT:language=dflt;" at 12.
00003pt
 -> /usr/local/texlive/2024/texmf-dist/fonts/opentype/public/libertinus-fonts/L
ibertinusSerifInitials-Regular.otf

Package fontspec Info: Font family 'LibertinusSerifInitials-Regular.otf(0)'
(fontspec)             created for font 'LibertinusSerifInitials-Regular.otf'
(fontspec)             with options [].
(fontspec)              
(fontspec)              This font family consists of the following NFSS
(fontspec)             series/shapes:
(fontspec)              
(fontspec)             - 'normal' (m/n) with NFSS spec.:
(fontspec)             <->"[LibertinusSerifInitials-Regular.otf]/OT:language=df
lt;"
(fontspec)             - 'small caps'  (m/sc) with NFSS spec.: 

))
Requested font "[./KoPubWorldBatang Light.ttf]/OT" at 11.99997pt
 -> ./KoPubWorldBatang Light.ttf
Requested font "[./KoPubWorldBatang Light.ttf]/OT" at 12.00003pt
 -> ./KoPubWorldBatang Light.ttf
Requested font "[./KoPubWorldBatang Light.ttf]/OT:script=latn;language=dflt;" a
t 12.00003pt
 -> ./KoPubWorldBatang Light.ttf
Requested font "[./KoPubWorldBatang Medium.ttf]/OT:script=latn;language=dflt;" 
at 12.00003pt
 -> ./KoPubWorldBatang Medium.ttf

Package fontspec Info: Font family 'KoPubWorld(0)' created for font
(fontspec)             'KoPubWorld' with options
(fontspec)             [Ligatures=TeX,Path={./},UprightFont={*Batang
(fontspec)             Light.ttf},BoldFont={*Batang Medium.ttf}].
(fontspec)              
(fontspec)              This font family consists of the following NFSS
(fontspec)             series/shapes:
(fontspec)              
(fontspec)             - 'normal' (m/n) with NFSS spec.:
(fontspec)             <->"[./KoPubWorldBatang
(fontspec)             Light.ttf]/OT:script=latn;language=dflt;mapping=tex-text
;"
(fontspec)             - 'small caps'  (m/sc) with NFSS spec.: 
(fontspec)             - 'bold' (b/n) with NFSS spec.: <->"[./KoPubWorldBatang
(fontspec)             Medium.ttf]/OT:script=latn;language=dflt;mapping=tex-tex
t;"
(fontspec)             - 'bold small caps'  (b/sc) with NFSS spec.: 

Requested font "[./KoPubWorldBatang Light.ttf]/OT:script=latn;language=dflt;map
ping=tex-text;" at 12.0pt
 -> ./KoPubWorldBatang Light.ttf
 (/usr/local/texlive/2024/texmf-dist/tex/latex/geometry/geometry.sty
Package: geometry 2020/01/02 v5.9 Page Geometry

(/usr/local/texlive/2024/texmf-dist/tex/generic/iftex/ifvtex.sty
Package: ifvtex 2019/10/25 v1.7 ifvtex legacy package. Use iftex instead.
)
\Gm@cnth=\count293
\Gm@cntv=\count294
\c@Gm@tempcnt=\count295
\Gm@bindingoffset=\dimen155
\Gm@wd@mp=\dimen156
\Gm@odd@mp=\dimen157
\Gm@even@mp=\dimen158
\Gm@layoutwidth=\dimen159
\Gm@layoutheight=\dimen160
\Gm@layouthoffset=\dimen161
\Gm@layoutvoffset=\dimen162
\Gm@dimlist=\toks26
)
(/usr/local/texlive/2024/texmf-dist/tex/latex/setspace/setspace.sty
Package: setspace 2022/12/04 v6.7b set line spacing
)

! LaTeX Error: Missing \begin{document}.

See the LaTeX manual or LaTeX Companion for explanation.
Type  H <return>  for immediate help.
 ...                                              
                                                  
l.23 \section
             *{내가 꿈꾸는 공동체와
? 
LaTeX Font Info:    Font shape `TU/LibertinusSerif(0)/m/n' will be
(Font)              scaled to size 17.28pt on input line 25.
Requested font "[LibertinusSerif-Regular.otf]/OT:script=latn;language=dflt;+hv-
kern;+tnum;+lnum;mapping=tex-text;" at 17.28pt
 -> /usr/local/texlive/2024/texmf-dist/fonts/opentype/public/libertinus-fonts/L
ibertinusSerif-Regular.otf
Requested font "[./KoPubWorldBatang Light.ttf]/OT:script=latn;language=dflt;map
ping=tex-text;" at 17.28pt
 -> ./KoPubWorldBatang Light.ttf
LaTeX Font Info:    Font shape `TU/LibertinusSerif(0)/b/n' will be
(Font)              scaled to size 17.28pt on input line 25.
Requested font "[LibertinusSerif-Bold.otf]/OT:script=latn;language=dflt;+hv-ker
n;+tnum;+lnum;mapping=tex-text;" at 17.28pt
 -> /usr/local/texlive/2024/texmf-dist/fonts/opentype/public/libertinus-fonts/L
ibertinusSerif-Bold.otf
Requested font "[./KoPubWorldBatang Medium.ttf]/OT:script=latn;language=dflt;ma
pping=tex-text;" at 17.28pt
 -> ./KoPubWorldBatang Medium.ttf

! LaTeX Error: Missing \begin{document}.

See the LaTeX manual or LaTeX Companion for explanation.
Type  H <return>  for immediate help.
 ...                                              
                                                  
l.25 하는가?}
          \label{uxb0b4uxac00-uxafc8uafb8uxb294-uxacf5uxb3d9uxccb4uxc640-uxb...

? 
LaTeX Font Info:    Font shape `TU/LibertinusSerif(0)/m/it' will be
(Font)              scaled to size 12.0pt on input line 27.
Requested font "[LibertinusSerif-Italic.otf]/OT:script=latn;language=dflt;+hv-k
ern;+tnum;+lnum;mapping=tex-text;" at 12.0pt
 -> /usr/local/texlive/2024/texmf-dist/fonts/opentype/public/libertinus-fonts/L
ibertinusSerif-Italic.otf

LaTeX Font Warning: Font shape `TU/KoPubWorld(0)/m/it' undefined
(Font)              using `TU/KoPubWorld(0)/m/n' instead on input line 27.

LaTeX Font Info:    Font shape `TU/LibertinusSerif(0)/m/n' will be
(Font)              scaled to size 14.4pt on input line 29.
Requested font "[LibertinusSerif-Regular.otf]/OT:script=latn;language=dflt;+hv-
kern;+tnum;+lnum;mapping=tex-text;" at 14.4pt
 -> /usr/local/texlive/2024/texmf-dist/fonts/opentype/public/libertinus-fonts/L
ibertinusSerif-Regular.otf
Requested font "[./KoPubWorldBatang Light.ttf]/OT:script=latn;language=dflt;map
ping=tex-text;" at 14.4pt
 -> ./KoPubWorldBatang Light.ttf
LaTeX Font Info:    Font shape `TU/LibertinusSerif(0)/b/n' will be
(Font)              scaled to size 14.4pt on input line 29.
Requested font "[LibertinusSerif-Bold.otf]/OT:script=latn;language=dflt;+hv-ker
n;+tnum;+lnum;mapping=tex-text;" at 14.4pt
 -> /usr/local/texlive/2024/texmf-dist/fonts/opentype/public/libertinus-fonts/L
ibertinusSerif-Bold.otf
Requested font "[./KoPubWorldBatang Medium.ttf]/OT:script=latn;language=dflt;ma
pping=tex-text;" at 14.4pt
 -> ./KoPubWorldBatang Medium.ttf
LaTeX Font Info:    Font shape `TU/LibertinusSerif(0)/b/n' will be
(Font)              scaled to size 12.0pt on input line 60.
Requested font "[LibertinusSerif-Bold.otf]/OT:script=latn;language=dflt;+hv-ker
n;+tnum;+lnum;mapping=tex-text;" at 12.0pt
 -> /usr/local/texlive/2024/texmf-dist/fonts/opentype/public/libertinus-fonts/L
ibertinusSerif-Bold.otf
Requested font "[./KoPubWorldBatang Medium.ttf]/OT:script=latn;language=dflt;ma
pping=tex-text;" at 12.0pt
 -> ./KoPubWorldBatang Medium.ttf
LaTeX Font Info:    Font shape `TU/LibertinusSerif(0)/m/sl' will be
(Font)              scaled to size 12.0pt on input line 76.
Requested font "[LibertinusSerif-Regular.otf]/OT:script=latn;language=dflt;slan
t=0.2;+hv-kern;+tnum;+lnum;mapping=tex-text;" at 12.0pt
 -> /usr/local/texlive/2024/texmf-dist/fonts/opentype/public/libertinus-fonts/L
ibertinusSerif-Regular.otf

LaTeX Font Warning: Font shape `TU/KoPubWorld(0)/m/sl' undefined
(Font)              using `TU/KoPubWorld(0)/m/n' instead on input line 76.

[1


\newlabel{uxb0b4uxac00-uxafc8uafb8uxb294-uxacf5uxb3d9uxccb4uxc640-uxbc95}{{}{1}
{}{}{}}
\newlabel{uxc11cuxb860}{{}{1}{}{}{}}
\newlabel{uxbcf8uxb860}{{}{1}{}{}{}}
\newlabel{uxc2e4uxc9c8uxc801uxc778-uxad8cuxb9acuxb294-uxd0dcuxc0dduxc801uxc73cu
xb85c-uxc8fcuxc5b4uxc9c0uxb294-uxac83uxb9ccuxc73cuxb85c-uxcda9uxbd84uxd558uxc9c
0-uxc54auxb2e4.}{{}{1}{}{}{}}
] [2] [3
\newlabel{uxbc95uxc740-2uxcc28-uxaddcuxce59uxc744-uxd1b5uxd574-uxc790uxc758uxc8
01-uxc9c0uxbc30uxb97c-uxc81cuxac70uxd55cuxb2e4.}{{}{3}{}{}{}}
] [4
\newlabel{uxacb0uxb860}{{}{4}{}{}{}}
]
\gdef \@abspage@last{4}
! I can't find file `sim-final.aux'.
\enddocument ...keatletter \@@input \jobname .aux 
                                                  \fi \UseOneTimeHook {enddo...
l.189 \end{document}
                    
(Press Enter to retry, or Control-D to exit)
Please type another input file name: 
! I can't find file `sim-final.aux'.
\enddocument ...keatletter \@@input \jobname .aux 
                                                  \fi \UseOneTimeHook {enddo...
l.189 \end{document}
                    
(Press Enter to retry, or Control-D to exit)
Please type another input file name: 
! Emergency stop.
\enddocument ...keatletter \@@input \jobname .aux 
                                                  \fi \UseOneTimeHook {enddo...
l.189 \end{document}
                    
End of file on the terminal!

 
Here is how much of TeX's memory you used:
 13371 strings out of 474773
 256616 string characters out of 5757723
 1952839 words of memory out of 5000000
 35405 multiletter control sequences out of 15000+600000
 558746 words of font info for 85 fonts, out of 8000000 for 9000
 1348 hyphenation exceptions out of 8191
 116i,5n,152p,361b,2744s stack positions out of 10000i,1000n,20000p,200000b,200000s
Output written on sim-final.pdf (4 pages).
